21:15:52 **** Incremental Build of configuration Debug for project Queue ****
make -j8 all 
Building file: ../startup/startup_stm32.s
Building file: ../src/main.c
Building file: ../src/syscalls.c
Building file: ../src/system_stm32f4xx.c
Invoking: MCU GCC Assembler
Invoking: MCU GCC Compiler
Building file: ../ThirdParty/FreeRTOS/org/Source/portable/MemMang/heap_4.c
Invoking: MCU GCC Compiler
Invoking: MCU GCC Compiler
Building file: ../ThirdParty/FreeRTOS/org/Source/portable/GCC/ARM_CM4F/port.c
C:\Users\Utilisateur\workspace\Queue\Debug
C:\Users\Utilisateur\workspace\Queue\Debug
arm-none-eabi-as -mcpu=cortex-m4 -mthumb -mfloat-abi=hard -mfpu=fpv4-sp-d16 -I"C:/Users/Utilisateur/workspace/Queue/StdPeriph_Driver/inc" -I"C:/Users/Utilisateur/workspace/Queue/inc" -I"C:/Users/Utilisateur/workspace/Queue/CMSIS/device" -I"C:/Users/Utilisateur/workspace/Queue/CMSIS/core" -g -o "startup/startup_stm32.o" "../startup/startup_stm32.s"
Invoking: MCU GCC Compiler
C:\Users\Utilisateur\workspace\Queue\Debug
arm-none-eabi-gcc -mcpu=cortex-m4 -mthumb -mfloat-abi=hard -mfpu=fpv4-sp-d16 -DSTM32 -DSTM32F4 -DSTM32F407VGTx -DSTM32F407G_DISC1 -DDEBUG -DSTM32F40XX -DSTM32F40_41xxx -DUSE_STDPERIPH_DRIVER -I"C:/Users/Utilisateur/workspace/Queue/StdPeriph_Driver/inc" -I"C:/Users/Utilisateur/workspace/Queue/Config" -I"C:/Users/Utilisateur/workspace/Queue/ThirdParty/FreeRTOS/org/Source/portable/GCC/ARM_CM4F" -I"C:/Users/Utilisateur/workspace/Queue/ThirdParty/FreeRTOS/org/Source/portable/MemMang" -I"C:/Users/Utilisateur/workspace/Queue/ThirdParty/FreeRTOS/org/Source/include" -I"C:/Users/Utilisateur/workspace/Queue/ThirdParty/FreeRTOS/org/Source/portable/MemMang" -I"C:/Users/Utilisateur/workspace/Queue/ThirdParty/FreeRTOS/org/License" -I"C:/Users/Utilisateur/workspace/Queue/inc" -I"C:/Users/Utilisateur/workspace/Queue/CMSIS/device" -I"C:/Users/Utilisateur/workspace/Queue/CMSIS/core" -O0 -g3 -Wall -fmessage-length=0 -ffunction-sections -c -MMD -MP -MF"src/main.d" -MT"src/main.o" -o "src/main.o" "../src/main.c"
C:\Users\Utilisateur\workspace\Queue\Debug
Invoking: MCU GCC Compiler
arm-none-eabi-gcc -mcpu=cortex-m4 -mthumb -mfloat-abi=hard -mfpu=fpv4-sp-d16 -DSTM32 -DSTM32F4 -DSTM32F407VGTx -DSTM32F407G_DISC1 -DDEBUG -DSTM32F40XX -DSTM32F40_41xxx -DUSE_STDPERIPH_DRIVER -I"C:/Users/Utilisateur/workspace/Queue/StdPeriph_Driver/inc" -I"C:/Users/Utilisateur/workspace/Queue/Config" -I"C:/Users/Utilisateur/workspace/Queue/ThirdParty/FreeRTOS/org/Source/portable/GCC/ARM_CM4F" -I"C:/Users/Utilisateur/workspace/Queue/ThirdParty/FreeRTOS/org/Source/portable/MemMang" -I"C:/Users/Utilisateur/workspace/Queue/ThirdParty/FreeRTOS/org/Source/include" -I"C:/Users/Utilisateur/workspace/Queue/ThirdParty/FreeRTOS/org/Source/portable/MemMang" -I"C:/Users/Utilisateur/workspace/Queue/ThirdParty/FreeRTOS/org/License" -I"C:/Users/Utilisateur/workspace/Queue/inc" -I"C:/Users/Utilisateur/workspace/Queue/CMSIS/device" -I"C:/Users/Utilisateur/workspace/Queue/CMSIS/core" -O0 -g3 -Wall -fmessage-length=0 -ffunction-sections -c -MMD -MP -MF"src/syscalls.d" -MT"src/syscalls.o" -o "src/syscalls.o" "../src/syscalls.c"
Building file: ../ThirdParty/FreeRTOS/org/Source/croutine.c
arm-none-eabi-gcc -mcpu=cortex-m4 -mthumb -mfloat-abi=hard -mfpu=fpv4-sp-d16 -DSTM32 -DSTM32F4 -DSTM32F407VGTx -DSTM32F407G_DISC1 -DDEBUG -DSTM32F40XX -DSTM32F40_41xxx -DUSE_STDPERIPH_DRIVER -I"C:/Users/Utilisateur/workspace/Queue/StdPeriph_Driver/inc" -I"C:/Users/Utilisateur/workspace/Queue/Config" -I"C:/Users/Utilisateur/workspace/Queue/ThirdParty/FreeRTOS/org/Source/portable/GCC/ARM_CM4F" -I"C:/Users/Utilisateur/workspace/Queue/ThirdParty/FreeRTOS/org/Source/portable/MemMang" -I"C:/Users/Utilisateur/workspace/Queue/ThirdParty/FreeRTOS/org/Source/include" -I"C:/Users/Utilisateur/workspace/Queue/ThirdParty/FreeRTOS/org/Source/portable/MemMang" -I"C:/Users/Utilisateur/workspace/Queue/ThirdParty/FreeRTOS/org/License" -I"C:/Users/Utilisateur/workspace/Queue/inc" -I"C:/Users/Utilisateur/workspace/Queue/CMSIS/device" -I"C:/Users/Utilisateur/workspace/Queue/CMSIS/core" -O0 -g3 -Wall -fmessage-length=0 -ffunction-sections -c -MMD -MP -MF"src/system_stm32f4xx.d" -MT"src/system_stm32f4xx.o" -o "src/system_stm32f4xx.o" "../src/system_stm32f4xx.c"
C:\Users\Utilisateur\workspace\Queue\Debug
arm-none-eabi-gcc -mcpu=cortex-m4 -mthumb -mfloat-abi=hard -mfpu=fpv4-sp-d16 -DSTM32 -DSTM32F4 -DSTM32F407VGTx -DSTM32F407G_DISC1 -DDEBUG -DSTM32F40XX -DSTM32F40_41xxx -DUSE_STDPERIPH_DRIVER -I"C:/Users/Utilisateur/workspace/Queue/StdPeriph_Driver/inc" -I"C:/Users/Utilisateur/workspace/Queue/Config" -I"C:/Users/Utilisateur/workspace/Queue/ThirdParty/FreeRTOS/org/Source/portable/GCC/ARM_CM4F" -I"C:/Users/Utilisateur/workspace/Queue/ThirdParty/FreeRTOS/org/Source/portable/MemMang" -I"C:/Users/Utilisateur/workspace/Queue/ThirdParty/FreeRTOS/org/Source/include" -I"C:/Users/Utilisateur/workspace/Queue/ThirdParty/FreeRTOS/org/Source/portable/MemMang" -I"C:/Users/Utilisateur/workspace/Queue/ThirdParty/FreeRTOS/org/License" -I"C:/Users/Utilisateur/workspace/Queue/inc" -I"C:/Users/Utilisateur/workspace/Queue/CMSIS/device" -I"C:/Users/Utilisateur/workspace/Queue/CMSIS/core" -O0 -g3 -Wall -fmessage-length=0 -ffunction-sections -c -MMD -MP -MF"ThirdParty/FreeRTOS/org/Source/portable/MemMang/heap_4.d" -MT"ThirdParty/FreeRTOS/org/Source/portable/MemMang/heap_4.o" -o "ThirdParty/FreeRTOS/org/Source/portable/MemMang/heap_4.o" "../ThirdParty/FreeRTOS/org/Source/portable/MemMang/heap_4.c"
C:\Users\Utilisateur\workspace\Queue\Debug
arm-none-eabi-gcc -mcpu=cortex-m4 -mthumb -mfloat-abi=hard -mfpu=fpv4-sp-d16 -DSTM32 -DSTM32F4 -DSTM32F407VGTx -DSTM32F407G_DISC1 -DDEBUG -DSTM32F40XX -DSTM32F40_41xxx -DUSE_STDPERIPH_DRIVER -I"C:/Users/Utilisateur/workspace/Queue/StdPeriph_Driver/inc" -I"C:/Users/Utilisateur/workspace/Queue/Config" -I"C:/Users/Utilisateur/workspace/Queue/ThirdParty/FreeRTOS/org/Source/portable/GCC/ARM_CM4F" -I"C:/Users/Utilisateur/workspace/Queue/ThirdParty/FreeRTOS/org/Source/portable/MemMang" -I"C:/Users/Utilisateur/workspace/Queue/ThirdParty/FreeRTOS/org/Source/include" -I"C:/Users/Utilisateur/workspace/Queue/ThirdParty/FreeRTOS/org/Source/portable/MemMang" -I"C:/Users/Utilisateur/workspace/Queue/ThirdParty/FreeRTOS/org/License" -I"C:/Users/Utilisateur/workspace/Queue/inc" -I"C:/Users/Utilisateur/workspace/Queue/CMSIS/device" -I"C:/Users/Utilisateur/workspace/Queue/CMSIS/core" -O0 -g3 -Wall -fmessage-length=0 -ffunction-sections -c -MMD -MP -MF"ThirdParty/FreeRTOS/org/Source/portable/GCC/ARM_CM4F/port.d" -MT"ThirdParty/FreeRTOS/org/Source/portable/GCC/ARM_CM4F/port.o" -o "ThirdParty/FreeRTOS/org/Source/portable/GCC/ARM_CM4F/port.o" "../ThirdParty/FreeRTOS/org/Source/portable/GCC/ARM_CM4F/port.c"
Invoking: MCU GCC Compiler
Building file: ../ThirdParty/FreeRTOS/org/Source/event_groups.c
C:\Users\Utilisateur\workspace\Queue\Debug
arm-none-eabi-gcc -mcpu=cortex-m4 -mthumb -mfloat-abi=hard -mfpu=fpv4-sp-d16 -DSTM32 -DSTM32F4 -DSTM32F407VGTx -DSTM32F407G_DISC1 -DDEBUG -DSTM32F40XX -DSTM32F40_41xxx -DUSE_STDPERIPH_DRIVER -I"C:/Users/Utilisateur/workspace/Queue/StdPeriph_Driver/inc" -I"C:/Users/Utilisateur/workspace/Queue/Config" -I"C:/Users/Utilisateur/workspace/Queue/ThirdParty/FreeRTOS/org/Source/portable/GCC/ARM_CM4F" -I"C:/Users/Utilisateur/workspace/Queue/ThirdParty/FreeRTOS/org/Source/portable/MemMang" -I"C:/Users/Utilisateur/workspace/Queue/ThirdParty/FreeRTOS/org/Source/include" -I"C:/Users/Utilisateur/workspace/Queue/ThirdParty/FreeRTOS/org/Source/portable/MemMang" -I"C:/Users/Utilisateur/workspace/Queue/ThirdParty/FreeRTOS/org/License" -I"C:/Users/Utilisateur/workspace/Queue/inc" -I"C:/Users/Utilisateur/workspace/Queue/CMSIS/device" -I"C:/Users/Utilisateur/workspace/Queue/CMSIS/core" -O0 -g3 -Wall -fmessage-length=0 -ffunction-sections -c -MMD -MP -MF"ThirdParty/FreeRTOS/org/Source/croutine.d" -MT"ThirdParty/FreeRTOS/org/Source/croutine.o" -o "ThirdParty/FreeRTOS/org/Source/croutine.o" "../ThirdParty/FreeRTOS/org/Source/croutine.c"
Invoking: MCU GCC Compiler
C:\Users\Utilisateur\workspace\Queue\Debug
arm-none-eabi-gcc -mcpu=cortex-m4 -mthumb -mfloat-abi=hard -mfpu=fpv4-sp-d16 -DSTM32 -DSTM32F4 -DSTM32F407VGTx -DSTM32F407G_DISC1 -DDEBUG -DSTM32F40XX -DSTM32F40_41xxx -DUSE_STDPERIPH_DRIVER -I"C:/Users/Utilisateur/workspace/Queue/StdPeriph_Driver/inc" -I"C:/Users/Utilisateur/workspace/Queue/Config" -I"C:/Users/Utilisateur/workspace/Queue/ThirdParty/FreeRTOS/org/Source/portable/GCC/ARM_CM4F" -I"C:/Users/Utilisateur/workspace/Queue/ThirdParty/FreeRTOS/org/Source/portable/MemMang" -I"C:/Users/Utilisateur/workspace/Queue/ThirdParty/FreeRTOS/org/Source/include" -I"C:/Users/Utilisateur/workspace/Queue/ThirdParty/FreeRTOS/org/Source/portable/MemMang" -I"C:/Users/Utilisateur/workspace/Queue/ThirdParty/FreeRTOS/org/License" -I"C:/Users/Utilisateur/workspace/Queue/inc" -I"C:/Users/Utilisateur/workspace/Queue/CMSIS/device" -I"C:/Users/Utilisateur/workspace/Queue/CMSIS/core" -O0 -g3 -Wall -fmessage-length=0 -ffunction-sections -c -MMD -MP -MF"ThirdParty/FreeRTOS/org/Source/event_groups.d" -MT"ThirdParty/FreeRTOS/org/Source/event_groups.o" -o "ThirdParty/FreeRTOS/org/Source/event_groups.o" "../ThirdParty/FreeRTOS/org/Source/event_groups.c"
Finished building: ../startup/startup_stm32.s
 
In file included from ../src/main.c:12:0:
C:/Users/Utilisateur/workspace/Queue/CMSIS/device/stm32f4xx.h:108:0: warning: "STM32F40_41xxx" redefined
   #define STM32F40_41xxx
 
<command-line>:0:0: note: this is the location of the previous definition
In file included from ../src/system_stm32f4xx.c:317:0:
C:/Users/Utilisateur/workspace/Queue/CMSIS/device/stm32f4xx.h:108:0: warning: "STM32F40_41xxx" redefined
   #define STM32F40_41xxx
 
<command-line>:0:0: note: this is the location of the previous definition
Building file: ../ThirdParty/FreeRTOS/org/Source/list.c
Invoking: MCU GCC Compiler
../src/system_stm32f4xx.c: In function 'SetSysClock':
../src/system_stm32f4xx.c:760:5: warning: this 'while' clause does not guard... [-Wmisleading-indentation]
     while ((RCC->CFGR & (uint32_t)RCC_CFGR_SWS ) != RCC_CFGR_SWS_PLL);
     ^~~~~
../src/system_stm32f4xx.c:761:5: note: ...this statement, but the latter is misleadingly indented as if it were guarded by the 'while'
     {
     ^
C:\Users\Utilisateur\workspace\Queue\Debug
arm-none-eabi-gcc -mcpu=cortex-m4 -mthumb -mfloat-abi=hard -mfpu=fpv4-sp-d16 -DSTM32 -DSTM32F4 -DSTM32F407VGTx -DSTM32F407G_DISC1 -DDEBUG -DSTM32F40XX -DSTM32F40_41xxx -DUSE_STDPERIPH_DRIVER -I"C:/Users/Utilisateur/workspace/Queue/StdPeriph_Driver/inc" -I"C:/Users/Utilisateur/workspace/Queue/Config" -I"C:/Users/Utilisateur/workspace/Queue/ThirdParty/FreeRTOS/org/Source/portable/GCC/ARM_CM4F" -I"C:/Users/Utilisateur/workspace/Queue/ThirdParty/FreeRTOS/org/Source/portable/MemMang" -I"C:/Users/Utilisateur/workspace/Queue/ThirdParty/FreeRTOS/org/Source/include" -I"C:/Users/Utilisateur/workspace/Queue/ThirdParty/FreeRTOS/org/Source/portable/MemMang" -I"C:/Users/Utilisateur/workspace/Queue/ThirdParty/FreeRTOS/org/License" -I"C:/Users/Utilisateur/workspace/Queue/inc" -I"C:/Users/Utilisateur/workspace/Queue/CMSIS/device" -I"C:/Users/Utilisateur/workspace/Queue/CMSIS/core" -O0 -g3 -Wall -fmessage-length=0 -ffunction-sections -c -MMD -MP -MF"ThirdParty/FreeRTOS/org/Source/list.d" -MT"ThirdParty/FreeRTOS/org/Source/list.o" -o "ThirdParty/FreeRTOS/org/Source/list.o" "../ThirdParty/FreeRTOS/org/Source/list.c"
Finished building: ../ThirdParty/FreeRTOS/org/Source/portable/GCC/ARM_CM4F/port.c
Finished building: ../ThirdParty/FreeRTOS/org/Source/croutine.c
Finished building: ../src/syscalls.c
Finished building: ../ThirdParty/FreeRTOS/org/Source/portable/MemMang/heap_4.c
 
 
 
 
Building file: ../ThirdParty/FreeRTOS/org/Source/queue.c
Building file: ../ThirdParty/FreeRTOS/org/Source/stream_buffer.c
Finished building: ../ThirdParty/FreeRTOS/org/Source/event_groups.c
Building file: ../ThirdParty/FreeRTOS/org/Source/tasks.c
Invoking: MCU GCC Compiler
Building file: ../ThirdParty/FreeRTOS/org/Source/timers.c
 
Invoking: MCU GCC Compiler
Invoking: MCU GCC Compiler
Invoking: MCU GCC Compiler
C:\Users\Utilisateur\workspace\Queue\Debug
Building file: ../StdPeriph_Driver/src/misc.c
C:\Users\Utilisateur\workspace\Queue\Debug
C:\Users\Utilisateur\workspace\Queue\Debug
arm-none-eabi-gcc -mcpu=cortex-m4 -mthumb -mfloat-abi=hard -mfpu=fpv4-sp-d16 -DSTM32 -DSTM32F4 -DSTM32F407VGTx -DSTM32F407G_DISC1 -DDEBUG -DSTM32F40XX -DSTM32F40_41xxx -DUSE_STDPERIPH_DRIVER -I"C:/Users/Utilisateur/workspace/Queue/StdPeriph_Driver/inc" -I"C:/Users/Utilisateur/workspace/Queue/Config" -I"C:/Users/Utilisateur/workspace/Queue/ThirdParty/FreeRTOS/org/Source/portable/GCC/ARM_CM4F" -I"C:/Users/Utilisateur/workspace/Queue/ThirdParty/FreeRTOS/org/Source/portable/MemMang" -I"C:/Users/Utilisateur/workspace/Queue/ThirdParty/FreeRTOS/org/Source/include" -I"C:/Users/Utilisateur/workspace/Queue/ThirdParty/FreeRTOS/org/Source/portable/MemMang" -I"C:/Users/Utilisateur/workspace/Queue/ThirdParty/FreeRTOS/org/License" -I"C:/Users/Utilisateur/workspace/Queue/inc" -I"C:/Users/Utilisateur/workspace/Queue/CMSIS/device" -I"C:/Users/Utilisateur/workspace/Queue/CMSIS/core" -O0 -g3 -Wall -fmessage-length=0 -ffunction-sections -c -MMD -MP -MF"ThirdParty/FreeRTOS/org/Source/queue.d" -MT"ThirdParty/FreeRTOS/org/Source/queue.o" -o "ThirdParty/FreeRTOS/org/Source/queue.o" "../ThirdParty/FreeRTOS/org/Source/queue.c"
arm-none-eabi-gcc -mcpu=cortex-m4 -mthumb -mfloat-abi=hard -mfpu=fpv4-sp-d16 -DSTM32 -DSTM32F4 -DSTM32F407VGTx -DSTM32F407G_DISC1 -DDEBUG -DSTM32F40XX -DSTM32F40_41xxx -DUSE_STDPERIPH_DRIVER -I"C:/Users/Utilisateur/workspace/Queue/StdPeriph_Driver/inc" -I"C:/Users/Utilisateur/workspace/Queue/Config" -I"C:/Users/Utilisateur/workspace/Queue/ThirdParty/FreeRTOS/org/Source/portable/GCC/ARM_CM4F" -I"C:/Users/Utilisateur/workspace/Queue/ThirdParty/FreeRTOS/org/Source/portable/MemMang" -I"C:/Users/Utilisateur/workspace/Queue/ThirdParty/FreeRTOS/org/Source/include" -I"C:/Users/Utilisateur/workspace/Queue/ThirdParty/FreeRTOS/org/Source/portable/MemMang" -I"C:/Users/Utilisateur/workspace/Queue/ThirdParty/FreeRTOS/org/License" -I"C:/Users/Utilisateur/workspace/Queue/inc" -I"C:/Users/Utilisateur/workspace/Queue/CMSIS/device" -I"C:/Users/Utilisateur/workspace/Queue/CMSIS/core" -O0 -g3 -Wall -fmessage-length=0 -ffunction-sections -c -MMD -MP -MF"ThirdParty/FreeRTOS/org/Source/stream_buffer.d" -MT"ThirdParty/FreeRTOS/org/Source/stream_buffer.o" -o "ThirdParty/FreeRTOS/org/Source/stream_buffer.o" "../ThirdParty/FreeRTOS/org/Source/stream_buffer.c"
C:\Users\Utilisateur\workspace\Queue\Debug
Finished building: ../src/main.c
arm-none-eabi-gcc -mcpu=cortex-m4 -mthumb -mfloat-abi=hard -mfpu=fpv4-sp-d16 -DSTM32 -DSTM32F4 -DSTM32F407VGTx -DSTM32F407G_DISC1 -DDEBUG -DSTM32F40XX -DSTM32F40_41xxx -DUSE_STDPERIPH_DRIVER -I"C:/Users/Utilisateur/workspace/Queue/StdPeriph_Driver/inc" -I"C:/Users/Utilisateur/workspace/Queue/Config" -I"C:/Users/Utilisateur/workspace/Queue/ThirdParty/FreeRTOS/org/Source/portable/GCC/ARM_CM4F" -I"C:/Users/Utilisateur/workspace/Queue/ThirdParty/FreeRTOS/org/Source/portable/MemMang" -I"C:/Users/Utilisateur/workspace/Queue/ThirdParty/FreeRTOS/org/Source/include" -I"C:/Users/Utilisateur/workspace/Queue/ThirdParty/FreeRTOS/org/Source/portable/MemMang" -I"C:/Users/Utilisateur/workspace/Queue/ThirdParty/FreeRTOS/org/License" -I"C:/Users/Utilisateur/workspace/Queue/inc" -I"C:/Users/Utilisateur/workspace/Queue/CMSIS/device" -I"C:/Users/Utilisateur/workspace/Queue/CMSIS/core" -O0 -g3 -Wall -fmessage-length=0 -ffunction-sections -c -MMD -MP -MF"ThirdParty/FreeRTOS/org/Source/tasks.d" -MT"ThirdParty/FreeRTOS/org/Source/tasks.o" -o "ThirdParty/FreeRTOS/org/Source/tasks.o" "../ThirdParty/FreeRTOS/org/Source/tasks.c"
arm-none-eabi-gcc -mcpu=cortex-m4 -mthumb -mfloat-abi=hard -mfpu=fpv4-sp-d16 -DSTM32 -DSTM32F4 -DSTM32F407VGTx -DSTM32F407G_DISC1 -DDEBUG -DSTM32F40XX -DSTM32F40_41xxx -DUSE_STDPERIPH_DRIVER -I"C:/Users/Utilisateur/workspace/Queue/StdPeriph_Driver/inc" -I"C:/Users/Utilisateur/workspace/Queue/Config" -I"C:/Users/Utilisateur/workspace/Queue/ThirdParty/FreeRTOS/org/Source/portable/GCC/ARM_CM4F" -I"C:/Users/Utilisateur/workspace/Queue/ThirdParty/FreeRTOS/org/Source/portable/MemMang" -I"C:/Users/Utilisateur/workspace/Queue/ThirdParty/FreeRTOS/org/Source/include" -I"C:/Users/Utilisateur/workspace/Queue/ThirdParty/FreeRTOS/org/Source/portable/MemMang" -I"C:/Users/Utilisateur/workspace/Queue/ThirdParty/FreeRTOS/org/License" -I"C:/Users/Utilisateur/workspace/Queue/inc" -I"C:/Users/Utilisateur/workspace/Queue/CMSIS/device" -I"C:/Users/Utilisateur/workspace/Queue/CMSIS/core" -O0 -g3 -Wall -fmessage-length=0 -ffunction-sections -c -MMD -MP -MF"ThirdParty/FreeRTOS/org/Source/timers.d" -MT"ThirdParty/FreeRTOS/org/Source/timers.o" -o "ThirdParty/FreeRTOS/org/Source/timers.o" "../ThirdParty/FreeRTOS/org/Source/timers.c"
Invoking: MCU GCC Compiler
Finished building: ../src/system_stm32f4xx.c
 
C:\Users\Utilisateur\workspace\Queue\Debug
arm-none-eabi-gcc -mcpu=cortex-m4 -mthumb -mfloat-abi=hard -mfpu=fpv4-sp-d16 -DSTM32 -DSTM32F4 -DSTM32F407VGTx -DSTM32F407G_DISC1 -DDEBUG -DSTM32F40XX -DSTM32F40_41xxx -DUSE_STDPERIPH_DRIVER -I"C:/Users/Utilisateur/workspace/Queue/StdPeriph_Driver/inc" -I"C:/Users/Utilisateur/workspace/Queue/Config" -I"C:/Users/Utilisateur/workspace/Queue/ThirdParty/FreeRTOS/org/Source/portable/GCC/ARM_CM4F" -I"C:/Users/Utilisateur/workspace/Queue/ThirdParty/FreeRTOS/org/Source/portable/MemMang" -I"C:/Users/Utilisateur/workspace/Queue/ThirdParty/FreeRTOS/org/Source/include" -I"C:/Users/Utilisateur/workspace/Queue/ThirdParty/FreeRTOS/org/Source/portable/MemMang" -I"C:/Users/Utilisateur/workspace/Queue/ThirdParty/FreeRTOS/org/License" -I"C:/Users/Utilisateur/workspace/Queue/inc" -I"C:/Users/Utilisateur/workspace/Queue/CMSIS/device" -I"C:/Users/Utilisateur/workspace/Queue/CMSIS/core" -O0 -g3 -Wall -fmessage-length=0 -ffunction-sections -c -MMD -MP -MF"StdPeriph_Driver/src/misc.d" -MT"StdPeriph_Driver/src/misc.o" -o "StdPeriph_Driver/src/misc.o" "../StdPeriph_Driver/src/misc.c"
 
Building file: ../StdPeriph_Driver/src/stm32f4xx_adc.c
Building file: ../StdPeriph_Driver/src/stm32f4xx_can.c
Invoking: MCU GCC Compiler
Invoking: MCU GCC Compiler
C:\Users\Utilisateur\workspace\Queue\Debug
arm-none-eabi-gcc -mcpu=cortex-m4 -mthumb -mfloat-abi=hard -mfpu=fpv4-sp-d16 -DSTM32 -DSTM32F4 -DSTM32F407VGTx -DSTM32F407G_DISC1 -DDEBUG -DSTM32F40XX -DSTM32F40_41xxx -DUSE_STDPERIPH_DRIVER -I"C:/Users/Utilisateur/workspace/Queue/StdPeriph_Driver/inc" -I"C:/Users/Utilisateur/workspace/Queue/Config" -I"C:/Users/Utilisateur/workspace/Queue/ThirdParty/FreeRTOS/org/Source/portable/GCC/ARM_CM4F" -I"C:/Users/Utilisateur/workspace/Queue/ThirdParty/FreeRTOS/org/Source/portable/MemMang" -I"C:/Users/Utilisateur/workspace/Queue/ThirdParty/FreeRTOS/org/Source/include" -I"C:/Users/Utilisateur/workspace/Queue/ThirdParty/FreeRTOS/org/Source/portable/MemMang" -I"C:/Users/Utilisateur/workspace/Queue/ThirdParty/FreeRTOS/org/License" -I"C:/Users/Utilisateur/workspace/Queue/inc" -I"C:/Users/Utilisateur/workspace/Queue/CMSIS/device" -I"C:/Users/Utilisateur/workspace/Queue/CMSIS/core" -O0 -g3 -Wall -fmessage-length=0 -ffunction-sections -c -MMD -MP -MF"StdPeriph_Driver/src/stm32f4xx_adc.d" -MT"StdPeriph_Driver/src/stm32f4xx_adc.o" -o "StdPeriph_Driver/src/stm32f4xx_adc.o" "../StdPeriph_Driver/src/stm32f4xx_adc.c"
Finished building: ../ThirdParty/FreeRTOS/org/Source/list.c
C:\Users\Utilisateur\workspace\Queue\Debug
 
arm-none-eabi-gcc -mcpu=cortex-m4 -mthumb -mfloat-abi=hard -mfpu=fpv4-sp-d16 -DSTM32 -DSTM32F4 -DSTM32F407VGTx -DSTM32F407G_DISC1 -DDEBUG -DSTM32F40XX -DSTM32F40_41xxx -DUSE_STDPERIPH_DRIVER -I"C:/Users/Utilisateur/workspace/Queue/StdPeriph_Driver/inc" -I"C:/Users/Utilisateur/workspace/Queue/Config" -I"C:/Users/Utilisateur/workspace/Queue/ThirdParty/FreeRTOS/org/Source/portable/GCC/ARM_CM4F" -I"C:/Users/Utilisateur/workspace/Queue/ThirdParty/FreeRTOS/org/Source/portable/MemMang" -I"C:/Users/Utilisateur/workspace/Queue/ThirdParty/FreeRTOS/org/Source/include" -I"C:/Users/Utilisateur/workspace/Queue/ThirdParty/FreeRTOS/org/Source/portable/MemMang" -I"C:/Users/Utilisateur/workspace/Queue/ThirdParty/FreeRTOS/org/License" -I"C:/Users/Utilisateur/workspace/Queue/inc" -I"C:/Users/Utilisateur/workspace/Queue/CMSIS/device" -I"C:/Users/Utilisateur/workspace/Queue/CMSIS/core" -O0 -g3 -Wall -fmessage-length=0 -ffunction-sections -c -MMD -MP -MF"StdPeriph_Driver/src/stm32f4xx_can.d" -MT"StdPeriph_Driver/src/stm32f4xx_can.o" -o "StdPeriph_Driver/src/stm32f4xx_can.o" "../StdPeriph_Driver/src/stm32f4xx_can.c"
In file included from C:/Users/Utilisateur/workspace/Queue/StdPeriph_Driver/inc/misc.h:38:0,
                 from ../StdPeriph_Driver/src/misc.c:76:
C:/Users/Utilisateur/workspace/Queue/CMSIS/device/stm32f4xx.h:108:0: warning: "STM32F40_41xxx" redefined
   #define STM32F40_41xxx
 
<command-line>:0:0: note: this is the location of the previous definition
Building file: ../StdPeriph_Driver/src/stm32f4xx_cec.c
Invoking: MCU GCC Compiler
In file included from C:/Users/Utilisateur/workspace/Queue/StdPeriph_Driver/inc/stm32f4xx_adc.h:38:0,
                 from ../StdPeriph_Driver/src/stm32f4xx_adc.c:106:
C:/Users/Utilisateur/workspace/Queue/CMSIS/device/stm32f4xx.h:108:0: warning: "STM32F40_41xxx" redefined
   #define STM32F40_41xxx
 
<command-line>:0:0: note: this is the location of the previous definition
C:\Users\Utilisateur\workspace\Queue\Debug
In file included from C:/Users/Utilisateur/workspace/Queue/StdPeriph_Driver/inc/stm32f4xx_can.h:38:0,
                 from ../StdPeriph_Driver/src/stm32f4xx_can.c:84:
C:/Users/Utilisateur/workspace/Queue/CMSIS/device/stm32f4xx.h:108:0: warning: "STM32F40_41xxx" redefined
   #define STM32F40_41xxx
 
<command-line>:0:0: note: this is the location of the previous definition
arm-none-eabi-gcc -mcpu=cortex-m4 -mthumb -mfloat-abi=hard -mfpu=fpv4-sp-d16 -DSTM32 -DSTM32F4 -DSTM32F407VGTx -DSTM32F407G_DISC1 -DDEBUG -DSTM32F40XX -DSTM32F40_41xxx -DUSE_STDPERIPH_DRIVER -I"C:/Users/Utilisateur/workspace/Queue/StdPeriph_Driver/inc" -I"C:/Users/Utilisateur/workspace/Queue/Config" -I"C:/Users/Utilisateur/workspace/Queue/ThirdParty/FreeRTOS/org/Source/portable/GCC/ARM_CM4F" -I"C:/Users/Utilisateur/workspace/Queue/ThirdParty/FreeRTOS/org/Source/portable/MemMang" -I"C:/Users/Utilisateur/workspace/Queue/ThirdParty/FreeRTOS/org/Source/include" -I"C:/Users/Utilisateur/workspace/Queue/ThirdParty/FreeRTOS/org/Source/portable/MemMang" -I"C:/Users/Utilisateur/workspace/Queue/ThirdParty/FreeRTOS/org/License" -I"C:/Users/Utilisateur/workspace/Queue/inc" -I"C:/Users/Utilisateur/workspace/Queue/CMSIS/device" -I"C:/Users/Utilisateur/workspace/Queue/CMSIS/core" -O0 -g3 -Wall -fmessage-length=0 -ffunction-sections -c -MMD -MP -MF"StdPeriph_Driver/src/stm32f4xx_cec.d" -MT"StdPeriph_Driver/src/stm32f4xx_cec.o" -o "StdPeriph_Driver/src/stm32f4xx_cec.o" "../StdPeriph_Driver/src/stm32f4xx_cec.c"
Finished building: ../ThirdParty/FreeRTOS/org/Source/timers.c
 
Building file: ../StdPeriph_Driver/src/stm32f4xx_crc.c
Finished building: ../ThirdParty/FreeRTOS/org/Source/stream_buffer.c
Invoking: MCU GCC Compiler
Finished building: ../ThirdParty/FreeRTOS/org/Source/queue.c
 
In file included from C:/Users/Utilisateur/workspace/Queue/StdPeriph_Driver/inc/stm32f4xx_cec.h:38:0,
                 from ../StdPeriph_Driver/src/stm32f4xx_cec.c:93:
C:/Users/Utilisateur/workspace/Queue/CMSIS/device/stm32f4xx.h:108:0: warning: "STM32F40_41xxx" redefined
   #define STM32F40_41xxx
 
<command-line>:0:0: note: this is the location of the previous definition
C:\Users\Utilisateur\workspace\Queue\Debug
arm-none-eabi-gcc -mcpu=cortex-m4 -mthumb -mfloat-abi=hard -mfpu=fpv4-sp-d16 -DSTM32 -DSTM32F4 -DSTM32F407VGTx -DSTM32F407G_DISC1 -DDEBUG -DSTM32F40XX -DSTM32F40_41xxx -DUSE_STDPERIPH_DRIVER -I"C:/Users/Utilisateur/workspace/Queue/StdPeriph_Driver/inc" -I"C:/Users/Utilisateur/workspace/Queue/Config" -I"C:/Users/Utilisateur/workspace/Queue/ThirdParty/FreeRTOS/org/Source/portable/GCC/ARM_CM4F" -I"C:/Users/Utilisateur/workspace/Queue/ThirdParty/FreeRTOS/org/Source/portable/MemMang" -I"C:/Users/Utilisateur/workspace/Queue/ThirdParty/FreeRTOS/org/Source/include" -I"C:/Users/Utilisateur/workspace/Queue/ThirdParty/FreeRTOS/org/Source/portable/MemMang" -I"C:/Users/Utilisateur/workspace/Queue/ThirdParty/FreeRTOS/org/License" -I"C:/Users/Utilisateur/workspace/Queue/inc" -I"C:/Users/Utilisateur/workspace/Queue/CMSIS/device" -I"C:/Users/Utilisateur/workspace/Queue/CMSIS/core" -O0 -g3 -Wall -fmessage-length=0 -ffunction-sections -c -MMD -MP -MF"StdPeriph_Driver/src/stm32f4xx_crc.d" -MT"StdPeriph_Driver/src/stm32f4xx_crc.o" -o "StdPeriph_Driver/src/stm32f4xx_crc.o" "../StdPeriph_Driver/src/stm32f4xx_crc.c"
 
Building file: ../StdPeriph_Driver/src/stm32f4xx_cryp.c
Building file: ../StdPeriph_Driver/src/stm32f4xx_cryp_aes.c
Invoking: MCU GCC Compiler
Finished building: ../ThirdParty/FreeRTOS/org/Source/tasks.c
Invoking: MCU GCC Compiler
Finished building: ../StdPeriph_Driver/src/misc.c
C:\Users\Utilisateur\workspace\Queue\Debug
arm-none-eabi-gcc -mcpu=cortex-m4 -mthumb -mfloat-abi=hard -mfpu=fpv4-sp-d16 -DSTM32 -DSTM32F4 -DSTM32F407VGTx -DSTM32F407G_DISC1 -DDEBUG -DSTM32F40XX -DSTM32F40_41xxx -DUSE_STDPERIPH_DRIVER -I"C:/Users/Utilisateur/workspace/Queue/StdPeriph_Driver/inc" -I"C:/Users/Utilisateur/workspace/Queue/Config" -I"C:/Users/Utilisateur/workspace/Queue/ThirdParty/FreeRTOS/org/Source/portable/GCC/ARM_CM4F" -I"C:/Users/Utilisateur/workspace/Queue/ThirdParty/FreeRTOS/org/Source/portable/MemMang" -I"C:/Users/Utilisateur/workspace/Queue/ThirdParty/FreeRTOS/org/Source/include" -I"C:/Users/Utilisateur/workspace/Queue/ThirdParty/FreeRTOS/org/Source/portable/MemMang" -I"C:/Users/Utilisateur/workspace/Queue/ThirdParty/FreeRTOS/org/License" -I"C:/Users/Utilisateur/workspace/Queue/inc" -I"C:/Users/Utilisateur/workspace/Queue/CMSIS/device" -I"C:/Users/Utilisateur/workspace/Queue/CMSIS/core" -O0 -g3 -Wall -fmessage-length=0 -ffunction-sections -c -MMD -MP -MF"StdPeriph_Driver/src/stm32f4xx_cryp.d" -MT"StdPeriph_Driver/src/stm32f4xx_cryp.o" -o "StdPeriph_Driver/src/stm32f4xx_cryp.o" "../StdPeriph_Driver/src/stm32f4xx_cryp.c"
 
 
C:\Users\Utilisateur\workspace\Queue\Debug
Building file: ../StdPeriph_Driver/src/stm32f4xx_cryp_des.c
arm-none-eabi-gcc -mcpu=cortex-m4 -mthumb -mfloat-abi=hard -mfpu=fpv4-sp-d16 -DSTM32 -DSTM32F4 -DSTM32F407VGTx -DSTM32F407G_DISC1 -DDEBUG -DSTM32F40XX -DSTM32F40_41xxx -DUSE_STDPERIPH_DRIVER -I"C:/Users/Utilisateur/workspace/Queue/StdPeriph_Driver/inc" -I"C:/Users/Utilisateur/workspace/Queue/Config" -I"C:/Users/Utilisateur/workspace/Queue/ThirdParty/FreeRTOS/org/Source/portable/GCC/ARM_CM4F" -I"C:/Users/Utilisateur/workspace/Queue/ThirdParty/FreeRTOS/org/Source/portable/MemMang" -I"C:/Users/Utilisateur/workspace/Queue/ThirdParty/FreeRTOS/org/Source/include" -I"C:/Users/Utilisateur/workspace/Queue/ThirdParty/FreeRTOS/org/Source/portable/MemMang" -I"C:/Users/Utilisateur/workspace/Queue/ThirdParty/FreeRTOS/org/License" -I"C:/Users/Utilisateur/workspace/Queue/inc" -I"C:/Users/Utilisateur/workspace/Queue/CMSIS/device" -I"C:/Users/Utilisateur/workspace/Queue/CMSIS/core" -O0 -g3 -Wall -fmessage-length=0 -ffunction-sections -c -MMD -MP -MF"StdPeriph_Driver/src/stm32f4xx_cryp_aes.d" -MT"StdPeriph_Driver/src/stm32f4xx_cryp_aes.o" -o "StdPeriph_Driver/src/stm32f4xx_cryp_aes.o" "../StdPeriph_Driver/src/stm32f4xx_cryp_aes.c"
In file included from C:/Users/Utilisateur/workspace/Queue/StdPeriph_Driver/inc/stm32f4xx_crc.h:38:0,
Building file: ../StdPeriph_Driver/src/stm32f4xx_cryp_tdes.c
                 from ../StdPeriph_Driver/src/stm32f4xx_crc.c:29:
C:/Users/Utilisateur/workspace/Queue/CMSIS/device/stm32f4xx.h:108:0: warning: "STM32F40_41xxx" redefined
   #define STM32F40_41xxx
 
<command-line>:0:0: note: this is the location of the previous definition
Invoking: MCU GCC Compiler
Invoking: MCU GCC Compiler
C:\Users\Utilisateur\workspace\Queue\Debug
arm-none-eabi-gcc -mcpu=cortex-m4 -mthumb -mfloat-abi=hard -mfpu=fpv4-sp-d16 -DSTM32 -DSTM32F4 -DSTM32F407VGTx -DSTM32F407G_DISC1 -DDEBUG -DSTM32F40XX -DSTM32F40_41xxx -DUSE_STDPERIPH_DRIVER -I"C:/Users/Utilisateur/workspace/Queue/StdPeriph_Driver/inc" -I"C:/Users/Utilisateur/workspace/Queue/Config" -I"C:/Users/Utilisateur/workspace/Queue/ThirdParty/FreeRTOS/org/Source/portable/GCC/ARM_CM4F" -I"C:/Users/Utilisateur/workspace/Queue/ThirdParty/FreeRTOS/org/Source/portable/MemMang" -I"C:/Users/Utilisateur/workspace/Queue/ThirdParty/FreeRTOS/org/Source/include" -I"C:/Users/Utilisateur/workspace/Queue/ThirdParty/FreeRTOS/org/Source/portable/MemMang" -I"C:/Users/Utilisateur/workspace/Queue/ThirdParty/FreeRTOS/org/License" -I"C:/Users/Utilisateur/workspace/Queue/inc" -I"C:/Users/Utilisateur/workspace/Queue/CMSIS/device" -I"C:/Users/Utilisateur/workspace/Queue/CMSIS/core" -O0 -g3 -Wall -fmessage-length=0 -ffunction-sections -c -MMD -MP -MF"StdPeriph_Driver/src/stm32f4xx_cryp_des.d" -MT"StdPeriph_Driver/src/stm32f4xx_cryp_des.o" -o "StdPeriph_Driver/src/stm32f4xx_cryp_des.o" "../StdPeriph_Driver/src/stm32f4xx_cryp_des.c"
C:\Users\Utilisateur\workspace\Queue\Debug
Finished building: ../StdPeriph_Driver/src/stm32f4xx_adc.c
arm-none-eabi-gcc -mcpu=cortex-m4 -mthumb -mfloat-abi=hard -mfpu=fpv4-sp-d16 -DSTM32 -DSTM32F4 -DSTM32F407VGTx -DSTM32F407G_DISC1 -DDEBUG -DSTM32F40XX -DSTM32F40_41xxx -DUSE_STDPERIPH_DRIVER -I"C:/Users/Utilisateur/workspace/Queue/StdPeriph_Driver/inc" -I"C:/Users/Utilisateur/workspace/Queue/Config" -I"C:/Users/Utilisateur/workspace/Queue/ThirdParty/FreeRTOS/org/Source/portable/GCC/ARM_CM4F" -I"C:/Users/Utilisateur/workspace/Queue/ThirdParty/FreeRTOS/org/Source/portable/MemMang" -I"C:/Users/Utilisateur/workspace/Queue/ThirdParty/FreeRTOS/org/Source/include" -I"C:/Users/Utilisateur/workspace/Queue/ThirdParty/FreeRTOS/org/Source/portable/MemMang" -I"C:/Users/Utilisateur/workspace/Queue/ThirdParty/FreeRTOS/org/License" -I"C:/Users/Utilisateur/workspace/Queue/inc" -I"C:/Users/Utilisateur/workspace/Queue/CMSIS/device" -I"C:/Users/Utilisateur/workspace/Queue/CMSIS/core" -O0 -g3 -Wall -fmessage-length=0 -ffunction-sections -c -MMD -MP -MF"StdPeriph_Driver/src/stm32f4xx_cryp_tdes.d" -MT"StdPeriph_Driver/src/stm32f4xx_cryp_tdes.o" -o "StdPeriph_Driver/src/stm32f4xx_cryp_tdes.o" "../StdPeriph_Driver/src/stm32f4xx_cryp_tdes.c"
In file included from C:/Users/Utilisateur/workspace/Queue/StdPeriph_Driver/inc/stm32f4xx_cryp.h:38:0,
                 from ../StdPeriph_Driver/src/stm32f4xx_cryp.c:164:
C:/Users/Utilisateur/workspace/Queue/CMSIS/device/stm32f4xx.h:108:0: warning: "STM32F40_41xxx" redefined
   #define STM32F40_41xxx
 
<command-line>:0:0: note: this is the location of the previous definition
 
In file included from C:/Users/Utilisateur/workspace/Queue/StdPeriph_Driver/inc/stm32f4xx_cryp.h:38:0,
                 from ../StdPeriph_Driver/src/stm32f4xx_cryp_aes.c:55:
C:/Users/Utilisateur/workspace/Queue/CMSIS/device/stm32f4xx.h:108:0: warning: "STM32F40_41xxx" redefined
   #define STM32F40_41xxx
 
<command-line>:0:0: note: this is the location of the previous definition
Building file: ../StdPeriph_Driver/src/stm32f4xx_dac.c
Invoking: MCU GCC Compiler
Finished building: ../StdPeriph_Driver/src/stm32f4xx_can.c
C:\Users\Utilisateur\workspace\Queue\Debug
 
In file included from C:/Users/Utilisateur/workspace/Queue/StdPeriph_Driver/inc/stm32f4xx_cryp.h:38:0,
                 from ../StdPeriph_Driver/src/stm32f4xx_cryp_des.c:48:
C:/Users/Utilisateur/workspace/Queue/CMSIS/device/stm32f4xx.h:108:0: warning: "STM32F40_41xxx" redefined
   #define STM32F40_41xxx
 
<command-line>:0:0: note: this is the location of the previous definition
arm-none-eabi-gcc -mcpu=cortex-m4 -mthumb -mfloat-abi=hard -mfpu=fpv4-sp-d16 -DSTM32 -DSTM32F4 -DSTM32F407VGTx -DSTM32F407G_DISC1 -DDEBUG -DSTM32F40XX -DSTM32F40_41xxx -DUSE_STDPERIPH_DRIVER -I"C:/Users/Utilisateur/workspace/Queue/StdPeriph_Driver/inc" -I"C:/Users/Utilisateur/workspace/Queue/Config" -I"C:/Users/Utilisateur/workspace/Queue/ThirdParty/FreeRTOS/org/Source/portable/GCC/ARM_CM4F" -I"C:/Users/Utilisateur/workspace/Queue/ThirdParty/FreeRTOS/org/Source/portable/MemMang" -I"C:/Users/Utilisateur/workspace/Queue/ThirdParty/FreeRTOS/org/Source/include" -I"C:/Users/Utilisateur/workspace/Queue/ThirdParty/FreeRTOS/org/Source/portable/MemMang" -I"C:/Users/Utilisateur/workspace/Queue/ThirdParty/FreeRTOS/org/License" -I"C:/Users/Utilisateur/workspace/Queue/inc" -I"C:/Users/Utilisateur/workspace/Queue/CMSIS/device" -I"C:/Users/Utilisateur/workspace/Queue/CMSIS/core" -O0 -g3 -Wall -fmessage-length=0 -ffunction-sections -c -MMD -MP -MF"StdPeriph_Driver/src/stm32f4xx_dac.d" -MT"StdPeriph_Driver/src/stm32f4xx_dac.o" -o "StdPeriph_Driver/src/stm32f4xx_dac.o" "../StdPeriph_Driver/src/stm32f4xx_dac.c"
In file included from C:/Users/Utilisateur/workspace/Queue/StdPeriph_Driver/inc/stm32f4xx_cryp.h:38:0,
                 from ../StdPeriph_Driver/src/stm32f4xx_cryp_tdes.c:48:
C:/Users/Utilisateur/workspace/Queue/CMSIS/device/stm32f4xx.h:108:0: warning: "STM32F40_41xxx" redefined
   #define STM32F40_41xxx
 
<command-line>:0:0: note: this is the location of the previous definition
Building file: ../StdPeriph_Driver/src/stm32f4xx_dbgmcu.c
Invoking: MCU GCC Compiler
Finished building: ../StdPeriph_Driver/src/stm32f4xx_cec.c
C:\Users\Utilisateur\workspace\Queue\Debug
 
arm-none-eabi-gcc -mcpu=cortex-m4 -mthumb -mfloat-abi=hard -mfpu=fpv4-sp-d16 -DSTM32 -DSTM32F4 -DSTM32F407VGTx -DSTM32F407G_DISC1 -DDEBUG -DSTM32F40XX -DSTM32F40_41xxx -DUSE_STDPERIPH_DRIVER -I"C:/Users/Utilisateur/workspace/Queue/StdPeriph_Driver/inc" -I"C:/Users/Utilisateur/workspace/Queue/Config" -I"C:/Users/Utilisateur/workspace/Queue/ThirdParty/FreeRTOS/org/Source/portable/GCC/ARM_CM4F" -I"C:/Users/Utilisateur/workspace/Queue/ThirdParty/FreeRTOS/org/Source/portable/MemMang" -I"C:/Users/Utilisateur/workspace/Queue/ThirdParty/FreeRTOS/org/Source/include" -I"C:/Users/Utilisateur/workspace/Queue/ThirdParty/FreeRTOS/org/Source/portable/MemMang" -I"C:/Users/Utilisateur/workspace/Queue/ThirdParty/FreeRTOS/org/License" -I"C:/Users/Utilisateur/workspace/Queue/inc" -I"C:/Users/Utilisateur/workspace/Queue/CMSIS/device" -I"C:/Users/Utilisateur/workspace/Queue/CMSIS/core" -O0 -g3 -Wall -fmessage-length=0 -ffunction-sections -c -MMD -MP -MF"StdPeriph_Driver/src/stm32f4xx_dbgmcu.d" -MT"StdPeriph_Driver/src/stm32f4xx_dbgmcu.o" -o "StdPeriph_Driver/src/stm32f4xx_dbgmcu.o" "../StdPeriph_Driver/src/stm32f4xx_dbgmcu.c"
Building file: ../StdPeriph_Driver/src/stm32f4xx_dcmi.c
In file included from C:/Users/Utilisateur/workspace/Queue/StdPeriph_Driver/inc/stm32f4xx_dac.h:38:0,
                 from ../StdPeriph_Driver/src/stm32f4xx_dac.c:131:
C:/Users/Utilisateur/workspace/Queue/CMSIS/device/stm32f4xx.h:108:0: warning: "STM32F40_41xxx" redefined
   #define STM32F40_41xxx
 
<command-line>:0:0: note: this is the location of the previous definition
Invoking: MCU GCC Compiler
C:\Users\Utilisateur\workspace\Queue\Debug
arm-none-eabi-gcc -mcpu=cortex-m4 -mthumb -mfloat-abi=hard -mfpu=fpv4-sp-d16 -DSTM32 -DSTM32F4 -DSTM32F407VGTx -DSTM32F407G_DISC1 -DDEBUG -DSTM32F40XX -DSTM32F40_41xxx -DUSE_STDPERIPH_DRIVER -I"C:/Users/Utilisateur/workspace/Queue/StdPeriph_Driver/inc" -I"C:/Users/Utilisateur/workspace/Queue/Config" -I"C:/Users/Utilisateur/workspace/Queue/ThirdParty/FreeRTOS/org/Source/portable/GCC/ARM_CM4F" -I"C:/Users/Utilisateur/workspace/Queue/ThirdParty/FreeRTOS/org/Source/portable/MemMang" -I"C:/Users/Utilisateur/workspace/Queue/ThirdParty/FreeRTOS/org/Source/include" -I"C:/Users/Utilisateur/workspace/Queue/ThirdParty/FreeRTOS/org/Source/portable/MemMang" -I"C:/Users/Utilisateur/workspace/Queue/ThirdParty/FreeRTOS/org/License" -I"C:/Users/Utilisateur/workspace/Queue/inc" -I"C:/Users/Utilisateur/workspace/Queue/CMSIS/device" -I"C:/Users/Utilisateur/workspace/Queue/CMSIS/core" -O0 -g3 -Wall -fmessage-length=0 -ffunction-sections -c -MMD -MP -MF"StdPeriph_Driver/src/stm32f4xx_dcmi.d" -MT"StdPeriph_Driver/src/stm32f4xx_dcmi.o" -o "StdPeriph_Driver/src/stm32f4xx_dcmi.o" "../StdPeriph_Driver/src/stm32f4xx_dcmi.c"
Finished building: ../StdPeriph_Driver/src/stm32f4xx_crc.c
In file included from C:/Users/Utilisateur/workspace/Queue/StdPeriph_Driver/inc/stm32f4xx_dbgmcu.h:37:0,
                 from ../StdPeriph_Driver/src/stm32f4xx_dbgmcu.c:29:
C:/Users/Utilisateur/workspace/Queue/CMSIS/device/stm32f4xx.h:108:0: warning: "STM32F40_41xxx" redefined
   #define STM32F40_41xxx
 
<command-line>:0:0: note: this is the location of the previous definition
 
Building file: ../StdPeriph_Driver/src/stm32f4xx_dfsdm.c
Invoking: MCU GCC Compiler
Finished building: ../StdPeriph_Driver/src/stm32f4xx_cryp.c
In file included from C:/Users/Utilisateur/workspace/Queue/StdPeriph_Driver/inc/stm32f4xx_dcmi.h:37:0,
                 from ../StdPeriph_Driver/src/stm32f4xx_dcmi.c:86:
C:/Users/Utilisateur/workspace/Queue/CMSIS/device/stm32f4xx.h:108:0: warning: "STM32F40_41xxx" redefined
   #define STM32F40_41xxx
 
<command-line>:0:0: note: this is the location of the previous definition
C:\Users\Utilisateur\workspace\Queue\Debug
 
arm-none-eabi-gcc -mcpu=cortex-m4 -mthumb -mfloat-abi=hard -mfpu=fpv4-sp-d16 -DSTM32 -DSTM32F4 -DSTM32F407VGTx -DSTM32F407G_DISC1 -DDEBUG -DSTM32F40XX -DSTM32F40_41xxx -DUSE_STDPERIPH_DRIVER -I"C:/Users/Utilisateur/workspace/Queue/StdPeriph_Driver/inc" -I"C:/Users/Utilisateur/workspace/Queue/Config" -I"C:/Users/Utilisateur/workspace/Queue/ThirdParty/FreeRTOS/org/Source/portable/GCC/ARM_CM4F" -I"C:/Users/Utilisateur/workspace/Queue/ThirdParty/FreeRTOS/org/Source/portable/MemMang" -I"C:/Users/Utilisateur/workspace/Queue/ThirdParty/FreeRTOS/org/Source/include" -I"C:/Users/Utilisateur/workspace/Queue/ThirdParty/FreeRTOS/org/Source/portable/MemMang" -I"C:/Users/Utilisateur/workspace/Queue/ThirdParty/FreeRTOS/org/License" -I"C:/Users/Utilisateur/workspace/Queue/inc" -I"C:/Users/Utilisateur/workspace/Queue/CMSIS/device" -I"C:/Users/Utilisateur/workspace/Queue/CMSIS/core" -O0 -g3 -Wall -fmessage-length=0 -ffunction-sections -c -MMD -MP -MF"StdPeriph_Driver/src/stm32f4xx_dfsdm.d" -MT"StdPeriph_Driver/src/stm32f4xx_dfsdm.o" -o "StdPeriph_Driver/src/stm32f4xx_dfsdm.o" "../StdPeriph_Driver/src/stm32f4xx_dfsdm.c"
Finished building: ../StdPeriph_Driver/src/stm32f4xx_cryp_des.c
Finished building: ../StdPeriph_Driver/src/stm32f4xx_cryp_tdes.c
Building file: ../StdPeriph_Driver/src/stm32f4xx_dma.c
 
Finished building: ../StdPeriph_Driver/src/stm32f4xx_cryp_aes.c
 
Invoking: MCU GCC Compiler
Building file: ../StdPeriph_Driver/src/stm32f4xx_dma2d.c
Building file: ../StdPeriph_Driver/src/stm32f4xx_dsi.c
C:\Users\Utilisateur\workspace\Queue\Debug
 
Invoking: MCU GCC Compiler
arm-none-eabi-gcc -mcpu=cortex-m4 -mthumb -mfloat-abi=hard -mfpu=fpv4-sp-d16 -DSTM32 -DSTM32F4 -DSTM32F407VGTx -DSTM32F407G_DISC1 -DDEBUG -DSTM32F40XX -DSTM32F40_41xxx -DUSE_STDPERIPH_DRIVER -I"C:/Users/Utilisateur/workspace/Queue/StdPeriph_Driver/inc" -I"C:/Users/Utilisateur/workspace/Queue/Config" -I"C:/Users/Utilisateur/workspace/Queue/ThirdParty/FreeRTOS/org/Source/portable/GCC/ARM_CM4F" -I"C:/Users/Utilisateur/workspace/Queue/ThirdParty/FreeRTOS/org/Source/portable/MemMang" -I"C:/Users/Utilisateur/workspace/Queue/ThirdParty/FreeRTOS/org/Source/include" -I"C:/Users/Utilisateur/workspace/Queue/ThirdParty/FreeRTOS/org/Source/portable/MemMang" -I"C:/Users/Utilisateur/workspace/Queue/ThirdParty/FreeRTOS/org/License" -I"C:/Users/Utilisateur/workspace/Queue/inc" -I"C:/Users/Utilisateur/workspace/Queue/CMSIS/device" -I"C:/Users/Utilisateur/workspace/Queue/CMSIS/core" -O0 -g3 -Wall -fmessage-length=0 -ffunction-sections -c -MMD -MP -MF"StdPeriph_Driver/src/stm32f4xx_dma.d" -MT"StdPeriph_Driver/src/stm32f4xx_dma.o" -o "StdPeriph_Driver/src/stm32f4xx_dma.o" "../StdPeriph_Driver/src/stm32f4xx_dma.c"
Building file: ../StdPeriph_Driver/src/stm32f4xx_exti.c
Invoking: MCU GCC Compiler
In file included from C:/Users/Utilisateur/workspace/Queue/StdPeriph_Driver/inc/stm32f4xx_rcc.h:37:0,
                 from ../StdPeriph_Driver/src/stm32f4xx_dfsdm.c:44:
C:/Users/Utilisateur/workspace/Queue/CMSIS/device/stm32f4xx.h:108:0: warning: "STM32F40_41xxx" redefined
   #define STM32F40_41xxx
 
<command-line>:0:0: note: this is the location of the previous definition
C:\Users\Utilisateur\workspace\Queue\Debug
Invoking: MCU GCC Compiler
arm-none-eabi-gcc -mcpu=cortex-m4 -mthumb -mfloat-abi=hard -mfpu=fpv4-sp-d16 -DSTM32 -DSTM32F4 -DSTM32F407VGTx -DSTM32F407G_DISC1 -DDEBUG -DSTM32F40XX -DSTM32F40_41xxx -DUSE_STDPERIPH_DRIVER -I"C:/Users/Utilisateur/workspace/Queue/StdPeriph_Driver/inc" -I"C:/Users/Utilisateur/workspace/Queue/Config" -I"C:/Users/Utilisateur/workspace/Queue/ThirdParty/FreeRTOS/org/Source/portable/GCC/ARM_CM4F" -I"C:/Users/Utilisateur/workspace/Queue/ThirdParty/FreeRTOS/org/Source/portable/MemMang" -I"C:/Users/Utilisateur/workspace/Queue/ThirdParty/FreeRTOS/org/Source/include" -I"C:/Users/Utilisateur/workspace/Queue/ThirdParty/FreeRTOS/org/Source/portable/MemMang" -I"C:/Users/Utilisateur/workspace/Queue/ThirdParty/FreeRTOS/org/License" -I"C:/Users/Utilisateur/workspace/Queue/inc" -I"C:/Users/Utilisateur/workspace/Queue/CMSIS/device" -I"C:/Users/Utilisateur/workspace/Queue/CMSIS/core" -O0 -g3 -Wall -fmessage-length=0 -ffunction-sections -c -MMD -MP -MF"StdPeriph_Driver/src/stm32f4xx_dma2d.d" -MT"StdPeriph_Driver/src/stm32f4xx_dma2d.o" -o "StdPeriph_Driver/src/stm32f4xx_dma2d.o" "../StdPeriph_Driver/src/stm32f4xx_dma2d.c"
C:\Users\Utilisateur\workspace\Queue\Debug
C:\Users\Utilisateur\workspace\Queue\Debug
arm-none-eabi-gcc -mcpu=cortex-m4 -mthumb -mfloat-abi=hard -mfpu=fpv4-sp-d16 -DSTM32 -DSTM32F4 -DSTM32F407VGTx -DSTM32F407G_DISC1 -DDEBUG -DSTM32F40XX -DSTM32F40_41xxx -DUSE_STDPERIPH_DRIVER -I"C:/Users/Utilisateur/workspace/Queue/StdPeriph_Driver/inc" -I"C:/Users/Utilisateur/workspace/Queue/Config" -I"C:/Users/Utilisateur/workspace/Queue/ThirdParty/FreeRTOS/org/Source/portable/GCC/ARM_CM4F" -I"C:/Users/Utilisateur/workspace/Queue/ThirdParty/FreeRTOS/org/Source/portable/MemMang" -I"C:/Users/Utilisateur/workspace/Queue/ThirdParty/FreeRTOS/org/Source/include" -I"C:/Users/Utilisateur/workspace/Queue/ThirdParty/FreeRTOS/org/Source/portable/MemMang" -I"C:/Users/Utilisateur/workspace/Queue/ThirdParty/FreeRTOS/org/License" -I"C:/Users/Utilisateur/workspace/Queue/inc" -I"C:/Users/Utilisateur/workspace/Queue/CMSIS/device" -I"C:/Users/Utilisateur/workspace/Queue/CMSIS/core" -O0 -g3 -Wall -fmessage-length=0 -ffunction-sections -c -MMD -MP -MF"StdPeriph_Driver/src/stm32f4xx_dsi.d" -MT"StdPeriph_Driver/src/stm32f4xx_dsi.o" -o "StdPeriph_Driver/src/stm32f4xx_dsi.o" "../StdPeriph_Driver/src/stm32f4xx_dsi.c"
arm-none-eabi-gcc -mcpu=cortex-m4 -mthumb -mfloat-abi=hard -mfpu=fpv4-sp-d16 -DSTM32 -DSTM32F4 -DSTM32F407VGTx -DSTM32F407G_DISC1 -DDEBUG -DSTM32F40XX -DSTM32F40_41xxx -DUSE_STDPERIPH_DRIVER -I"C:/Users/Utilisateur/workspace/Queue/StdPeriph_Driver/inc" -I"C:/Users/Utilisateur/workspace/Queue/Config" -I"C:/Users/Utilisateur/workspace/Queue/ThirdParty/FreeRTOS/org/Source/portable/GCC/ARM_CM4F" -I"C:/Users/Utilisateur/workspace/Queue/ThirdParty/FreeRTOS/org/Source/portable/MemMang" -I"C:/Users/Utilisateur/workspace/Queue/ThirdParty/FreeRTOS/org/Source/include" -I"C:/Users/Utilisateur/workspace/Queue/ThirdParty/FreeRTOS/org/Source/portable/MemMang" -I"C:/Users/Utilisateur/workspace/Queue/ThirdParty/FreeRTOS/org/License" -I"C:/Users/Utilisateur/workspace/Queue/inc" -I"C:/Users/Utilisateur/workspace/Queue/CMSIS/device" -I"C:/Users/Utilisateur/workspace/Queue/CMSIS/core" -O0 -g3 -Wall -fmessage-length=0 -ffunction-sections -c -MMD -MP -MF"StdPeriph_Driver/src/stm32f4xx_exti.d" -MT"StdPeriph_Driver/src/stm32f4xx_exti.o" -o "StdPeriph_Driver/src/stm32f4xx_exti.o" "../StdPeriph_Driver/src/stm32f4xx_exti.c"
Finished building: ../StdPeriph_Driver/src/stm32f4xx_dac.c
In file included from C:/Users/Utilisateur/workspace/Queue/StdPeriph_Driver/inc/stm32f4xx_dma.h:38:0,
                 from ../StdPeriph_Driver/src/stm32f4xx_dma.c:124:
C:/Users/Utilisateur/workspace/Queue/CMSIS/device/stm32f4xx.h:108:0: warning: "STM32F40_41xxx" redefined
   #define STM32F40_41xxx
 
<command-line>:0:0: note: this is the location of the previous definition
 
Building file: ../StdPeriph_Driver/src/stm32f4xx_flash.c
In file included from C:/Users/Utilisateur/workspace/Queue/StdPeriph_Driver/inc/stm32f4xx_dma2d.h:38:0,
                 from ../StdPeriph_Driver/src/stm32f4xx_dma2d.c:58:
C:/Users/Utilisateur/workspace/Queue/CMSIS/device/stm32f4xx.h:108:0: warning: "STM32F40_41xxx" redefined
   #define STM32F40_41xxx
 
<command-line>:0:0: note: this is the location of the previous definition
Invoking: MCU GCC Compiler
In file included from C:/Users/Utilisateur/workspace/Queue/StdPeriph_Driver/inc/stm32f4xx_dsi.h:37:0,
                 from ../StdPeriph_Driver/src/stm32f4xx_dsi.c:44:
C:/Users/Utilisateur/workspace/Queue/CMSIS/device/stm32f4xx.h:108:0: warning: "STM32F40_41xxx" redefined
   #define STM32F40_41xxx
 
<command-line>:0:0: note: this is the location of the previous definition
Finished building: ../StdPeriph_Driver/src/stm32f4xx_dbgmcu.c
In file included from C:/Users/Utilisateur/workspace/Queue/StdPeriph_Driver/inc/stm32f4xx_exti.h:38:0,
                 from ../StdPeriph_Driver/src/stm32f4xx_exti.c:68:
C:/Users/Utilisateur/workspace/Queue/CMSIS/device/stm32f4xx.h:108:0: warning: "STM32F40_41xxx" redefined
   #define STM32F40_41xxx
 
<command-line>:0:0: note: this is the location of the previous definition
 
C:\Users\Utilisateur\workspace\Queue\Debug
arm-none-eabi-gcc -mcpu=cortex-m4 -mthumb -mfloat-abi=hard -mfpu=fpv4-sp-d16 -DSTM32 -DSTM32F4 -DSTM32F407VGTx -DSTM32F407G_DISC1 -DDEBUG -DSTM32F40XX -DSTM32F40_41xxx -DUSE_STDPERIPH_DRIVER -I"C:/Users/Utilisateur/workspace/Queue/StdPeriph_Driver/inc" -I"C:/Users/Utilisateur/workspace/Queue/Config" -I"C:/Users/Utilisateur/workspace/Queue/ThirdParty/FreeRTOS/org/Source/portable/GCC/ARM_CM4F" -I"C:/Users/Utilisateur/workspace/Queue/ThirdParty/FreeRTOS/org/Source/portable/MemMang" -I"C:/Users/Utilisateur/workspace/Queue/ThirdParty/FreeRTOS/org/Source/include" -I"C:/Users/Utilisateur/workspace/Queue/ThirdParty/FreeRTOS/org/Source/portable/MemMang" -I"C:/Users/Utilisateur/workspace/Queue/ThirdParty/FreeRTOS/org/License" -I"C:/Users/Utilisateur/workspace/Queue/inc" -I"C:/Users/Utilisateur/workspace/Queue/CMSIS/device" -I"C:/Users/Utilisateur/workspace/Queue/CMSIS/core" -O0 -g3 -Wall -fmessage-length=0 -ffunction-sections -c -MMD -MP -MF"StdPeriph_Driver/src/stm32f4xx_flash.d" -MT"StdPeriph_Driver/src/stm32f4xx_flash.o" -o "StdPeriph_Driver/src/stm32f4xx_flash.o" "../StdPeriph_Driver/src/stm32f4xx_flash.c"
Building file: ../StdPeriph_Driver/src/stm32f4xx_flash_ramfunc.c
Invoking: MCU GCC Compiler
Finished building: ../StdPeriph_Driver/src/stm32f4xx_dcmi.c
C:\Users\Utilisateur\workspace\Queue\Debug
 
arm-none-eabi-gcc -mcpu=cortex-m4 -mthumb -mfloat-abi=hard -mfpu=fpv4-sp-d16 -DSTM32 -DSTM32F4 -DSTM32F407VGTx -DSTM32F407G_DISC1 -DDEBUG -DSTM32F40XX -DSTM32F40_41xxx -DUSE_STDPERIPH_DRIVER -I"C:/Users/Utilisateur/workspace/Queue/StdPeriph_Driver/inc" -I"C:/Users/Utilisateur/workspace/Queue/Config" -I"C:/Users/Utilisateur/workspace/Queue/ThirdParty/FreeRTOS/org/Source/portable/GCC/ARM_CM4F" -I"C:/Users/Utilisateur/workspace/Queue/ThirdParty/FreeRTOS/org/Source/portable/MemMang" -I"C:/Users/Utilisateur/workspace/Queue/ThirdParty/FreeRTOS/org/Source/include" -I"C:/Users/Utilisateur/workspace/Queue/ThirdParty/FreeRTOS/org/Source/portable/MemMang" -I"C:/Users/Utilisateur/workspace/Queue/ThirdParty/FreeRTOS/org/License" -I"C:/Users/Utilisateur/workspace/Queue/inc" -I"C:/Users/Utilisateur/workspace/Queue/CMSIS/device" -I"C:/Users/Utilisateur/workspace/Queue/CMSIS/core" -O0 -g3 -Wall -fmessage-length=0 -ffunction-sections -c -MMD -MP -MF"StdPeriph_Driver/src/stm32f4xx_flash_ramfunc.d" -MT"StdPeriph_Driver/src/stm32f4xx_flash_ramfunc.o" -o "StdPeriph_Driver/src/stm32f4xx_flash_ramfunc.o" "../StdPeriph_Driver/src/stm32f4xx_flash_ramfunc.c"
Building file: ../StdPeriph_Driver/src/stm32f4xx_fmc.c
Finished building: ../StdPeriph_Driver/src/stm32f4xx_dfsdm.c
In file included from C:/Users/Utilisateur/workspace/Queue/StdPeriph_Driver/inc/stm32f4xx_flash.h:38:0,
                 from ../StdPeriph_Driver/src/stm32f4xx_flash.c:72:
C:/Users/Utilisateur/workspace/Queue/CMSIS/device/stm32f4xx.h:108:0: warning: "STM32F40_41xxx" redefined
   #define STM32F40_41xxx
 
<command-line>:0:0: note: this is the location of the previous definition
Invoking: MCU GCC Compiler
 
C:\Users\Utilisateur\workspace\Queue\Debug
arm-none-eabi-gcc -mcpu=cortex-m4 -mthumb -mfloat-abi=hard -mfpu=fpv4-sp-d16 -DSTM32 -DSTM32F4 -DSTM32F407VGTx -DSTM32F407G_DISC1 -DDEBUG -DSTM32F40XX -DSTM32F40_41xxx -DUSE_STDPERIPH_DRIVER -I"C:/Users/Utilisateur/workspace/Queue/StdPeriph_Driver/inc" -I"C:/Users/Utilisateur/workspace/Queue/Config" -I"C:/Users/Utilisateur/workspace/Queue/ThirdParty/FreeRTOS/org/Source/portable/GCC/ARM_CM4F" -I"C:/Users/Utilisateur/workspace/Queue/ThirdParty/FreeRTOS/org/Source/portable/MemMang" -I"C:/Users/Utilisateur/workspace/Queue/ThirdParty/FreeRTOS/org/Source/include" -I"C:/Users/Utilisateur/workspace/Queue/ThirdParty/FreeRTOS/org/Source/portable/MemMang" -I"C:/Users/Utilisateur/workspace/Queue/ThirdParty/FreeRTOS/org/License" -I"C:/Users/Utilisateur/workspace/Queue/inc" -I"C:/Users/Utilisateur/workspace/Queue/CMSIS/device" -I"C:/Users/Utilisateur/workspace/Queue/CMSIS/core" -O0 -g3 -Wall -fmessage-length=0 -ffunction-sections -c -MMD -MP -MF"StdPeriph_Driver/src/stm32f4xx_fmc.d" -MT"StdPeriph_Driver/src/stm32f4xx_fmc.o" -o "StdPeriph_Driver/src/stm32f4xx_fmc.o" "../StdPeriph_Driver/src/stm32f4xx_fmc.c"
Building file: ../StdPeriph_Driver/src/stm32f4xx_fmip2c.c
Invoking: MCU GCC Compiler
In file included from C:/Users/Utilisateur/workspace/Queue/StdPeriph_Driver/inc/stm32f4xx_flash_ramfunc.h:38:0,
                 from ../StdPeriph_Driver/src/stm32f4xx_flash_ramfunc.c:58:
C:/Users/Utilisateur/workspace/Queue/CMSIS/device/stm32f4xx.h:108:0: warning: "STM32F40_41xxx" redefined
   #define STM32F40_41xxx
 
<command-line>:0:0: note: this is the location of the previous definition
C:\Users\Utilisateur\workspace\Queue\Debug
arm-none-eabi-gcc -mcpu=cortex-m4 -mthumb -mfloat-abi=hard -mfpu=fpv4-sp-d16 -DSTM32 -DSTM32F4 -DSTM32F407VGTx -DSTM32F407G_DISC1 -DDEBUG -DSTM32F40XX -DSTM32F40_41xxx -DUSE_STDPERIPH_DRIVER -I"C:/Users/Utilisateur/workspace/Queue/StdPeriph_Driver/inc" -I"C:/Users/Utilisateur/workspace/Queue/Config" -I"C:/Users/Utilisateur/workspace/Queue/ThirdParty/FreeRTOS/org/Source/portable/GCC/ARM_CM4F" -I"C:/Users/Utilisateur/workspace/Queue/ThirdParty/FreeRTOS/org/Source/portable/MemMang" -I"C:/Users/Utilisateur/workspace/Queue/ThirdParty/FreeRTOS/org/Source/include" -I"C:/Users/Utilisateur/workspace/Queue/ThirdParty/FreeRTOS/org/Source/portable/MemMang" -I"C:/Users/Utilisateur/workspace/Queue/ThirdParty/FreeRTOS/org/License" -I"C:/Users/Utilisateur/workspace/Queue/inc" -I"C:/Users/Utilisateur/workspace/Queue/CMSIS/device" -I"C:/Users/Utilisateur/workspace/Queue/CMSIS/core" -O0 -g3 -Wall -fmessage-length=0 -ffunction-sections -c -MMD -MP -MF"StdPeriph_Driver/src/stm32f4xx_fmip2c.d" -MT"StdPeriph_Driver/src/stm32f4xx_fmip2c.o" -o "StdPeriph_Driver/src/stm32f4xx_fmip2c.o" "../StdPeriph_Driver/src/stm32f4xx_fmip2c.c"
In file included from C:/Users/Utilisateur/workspace/Queue/StdPeriph_Driver/inc/stm32f4xx_fmc.h:38:0,
                 from ../StdPeriph_Driver/src/stm32f4xx_fmc.c:36:
C:/Users/Utilisateur/workspace/Queue/CMSIS/device/stm32f4xx.h:108:0: warning: "STM32F40_41xxx" redefined
   #define STM32F40_41xxx
 
<command-line>:0:0: note: this is the location of the previous definition
Finished building: ../StdPeriph_Driver/src/stm32f4xx_dsi.c
 
Finished building: ../StdPeriph_Driver/src/stm32f4xx_dma.c
Building file: ../StdPeriph_Driver/src/stm32f4xx_fsmc.c
Finished building: ../StdPeriph_Driver/src/stm32f4xx_dma2d.c
Finished building: ../StdPeriph_Driver/src/stm32f4xx_exti.c
Invoking: MCU GCC Compiler
 
 
C:\Users\Utilisateur\workspace\Queue\Debug
In file included from C:/Users/Utilisateur/workspace/Queue/StdPeriph_Driver/inc/stm32f4xx_fmpi2c.h:38:0,
                 from ../StdPeriph_Driver/src/stm32f4xx_fmip2c.c:79:
C:/Users/Utilisateur/workspace/Queue/CMSIS/device/stm32f4xx.h:108:0: warning: "STM32F40_41xxx" redefined
   #define STM32F40_41xxx
 
<command-line>:0:0: note: this is the location of the previous definition
Building file: ../StdPeriph_Driver/src/stm32f4xx_gpio.c
 
Building file: ../StdPeriph_Driver/src/stm32f4xx_hash.c
arm-none-eabi-gcc -mcpu=cortex-m4 -mthumb -mfloat-abi=hard -mfpu=fpv4-sp-d16 -DSTM32 -DSTM32F4 -DSTM32F407VGTx -DSTM32F407G_DISC1 -DDEBUG -DSTM32F40XX -DSTM32F40_41xxx -DUSE_STDPERIPH_DRIVER -I"C:/Users/Utilisateur/workspace/Queue/StdPeriph_Driver/inc" -I"C:/Users/Utilisateur/workspace/Queue/Config" -I"C:/Users/Utilisateur/workspace/Queue/ThirdParty/FreeRTOS/org/Source/portable/GCC/ARM_CM4F" -I"C:/Users/Utilisateur/workspace/Queue/ThirdParty/FreeRTOS/org/Source/portable/MemMang" -I"C:/Users/Utilisateur/workspace/Queue/ThirdParty/FreeRTOS/org/Source/include" -I"C:/Users/Utilisateur/workspace/Queue/ThirdParty/FreeRTOS/org/Source/portable/MemMang" -I"C:/Users/Utilisateur/workspace/Queue/ThirdParty/FreeRTOS/org/License" -I"C:/Users/Utilisateur/workspace/Queue/inc" -I"C:/Users/Utilisateur/workspace/Queue/CMSIS/device" -I"C:/Users/Utilisateur/workspace/Queue/CMSIS/core" -O0 -g3 -Wall -fmessage-length=0 -ffunction-sections -c -MMD -MP -MF"StdPeriph_Driver/src/stm32f4xx_fsmc.d" -MT"StdPeriph_Driver/src/stm32f4xx_fsmc.o" -o "StdPeriph_Driver/src/stm32f4xx_fsmc.o" "../StdPeriph_Driver/src/stm32f4xx_fsmc.c"
Invoking: MCU GCC Compiler
Invoking: MCU GCC Compiler
Building file: ../StdPeriph_Driver/src/stm32f4xx_hash_md5.c
C:\Users\Utilisateur\workspace\Queue\Debug
Invoking: MCU GCC Compiler
C:\Users\Utilisateur\workspace\Queue\Debug
arm-none-eabi-gcc -mcpu=cortex-m4 -mthumb -mfloat-abi=hard -mfpu=fpv4-sp-d16 -DSTM32 -DSTM32F4 -DSTM32F407VGTx -DSTM32F407G_DISC1 -DDEBUG -DSTM32F40XX -DSTM32F40_41xxx -DUSE_STDPERIPH_DRIVER -I"C:/Users/Utilisateur/workspace/Queue/StdPeriph_Driver/inc" -I"C:/Users/Utilisateur/workspace/Queue/Config" -I"C:/Users/Utilisateur/workspace/Queue/ThirdParty/FreeRTOS/org/Source/portable/GCC/ARM_CM4F" -I"C:/Users/Utilisateur/workspace/Queue/ThirdParty/FreeRTOS/org/Source/portable/MemMang" -I"C:/Users/Utilisateur/workspace/Queue/ThirdParty/FreeRTOS/org/Source/include" -I"C:/Users/Utilisateur/workspace/Queue/ThirdParty/FreeRTOS/org/Source/portable/MemMang" -I"C:/Users/Utilisateur/workspace/Queue/ThirdParty/FreeRTOS/org/License" -I"C:/Users/Utilisateur/workspace/Queue/inc" -I"C:/Users/Utilisateur/workspace/Queue/CMSIS/device" -I"C:/Users/Utilisateur/workspace/Queue/CMSIS/core" -O0 -g3 -Wall -fmessage-length=0 -ffunction-sections -c -MMD -MP -MF"StdPeriph_Driver/src/stm32f4xx_gpio.d" -MT"StdPeriph_Driver/src/stm32f4xx_gpio.o" -o "StdPeriph_Driver/src/stm32f4xx_gpio.o" "../StdPeriph_Driver/src/stm32f4xx_gpio.c"
arm-none-eabi-gcc -mcpu=cortex-m4 -mthumb -mfloat-abi=hard -mfpu=fpv4-sp-d16 -DSTM32 -DSTM32F4 -DSTM32F407VGTx -DSTM32F407G_DISC1 -DDEBUG -DSTM32F40XX -DSTM32F40_41xxx -DUSE_STDPERIPH_DRIVER -I"C:/Users/Utilisateur/workspace/Queue/StdPeriph_Driver/inc" -I"C:/Users/Utilisateur/workspace/Queue/Config" -I"C:/Users/Utilisateur/workspace/Queue/ThirdParty/FreeRTOS/org/Source/portable/GCC/ARM_CM4F" -I"C:/Users/Utilisateur/workspace/Queue/ThirdParty/FreeRTOS/org/Source/portable/MemMang" -I"C:/Users/Utilisateur/workspace/Queue/ThirdParty/FreeRTOS/org/Source/include" -I"C:/Users/Utilisateur/workspace/Queue/ThirdParty/FreeRTOS/org/Source/portable/MemMang" -I"C:/Users/Utilisateur/workspace/Queue/ThirdParty/FreeRTOS/org/License" -I"C:/Users/Utilisateur/workspace/Queue/inc" -I"C:/Users/Utilisateur/workspace/Queue/CMSIS/device" -I"C:/Users/Utilisateur/workspace/Queue/CMSIS/core" -O0 -g3 -Wall -fmessage-length=0 -ffunction-sections -c -MMD -MP -MF"StdPeriph_Driver/src/stm32f4xx_hash.d" -MT"StdPeriph_Driver/src/stm32f4xx_hash.o" -o "StdPeriph_Driver/src/stm32f4xx_hash.o" "../StdPeriph_Driver/src/stm32f4xx_hash.c"
C:\Users\Utilisateur\workspace\Queue\Debug
arm-none-eabi-gcc -mcpu=cortex-m4 -mthumb -mfloat-abi=hard -mfpu=fpv4-sp-d16 -DSTM32 -DSTM32F4 -DSTM32F407VGTx -DSTM32F407G_DISC1 -DDEBUG -DSTM32F40XX -DSTM32F40_41xxx -DUSE_STDPERIPH_DRIVER -I"C:/Users/Utilisateur/workspace/Queue/StdPeriph_Driver/inc" -I"C:/Users/Utilisateur/workspace/Queue/Config" -I"C:/Users/Utilisateur/workspace/Queue/ThirdParty/FreeRTOS/org/Source/portable/GCC/ARM_CM4F" -I"C:/Users/Utilisateur/workspace/Queue/ThirdParty/FreeRTOS/org/Source/portable/MemMang" -I"C:/Users/Utilisateur/workspace/Queue/ThirdParty/FreeRTOS/org/Source/include" -I"C:/Users/Utilisateur/workspace/Queue/ThirdParty/FreeRTOS/org/Source/portable/MemMang" -I"C:/Users/Utilisateur/workspace/Queue/ThirdParty/FreeRTOS/org/License" -I"C:/Users/Utilisateur/workspace/Queue/inc" -I"C:/Users/Utilisateur/workspace/Queue/CMSIS/device" -I"C:/Users/Utilisateur/workspace/Queue/CMSIS/core" -O0 -g3 -Wall -fmessage-length=0 -ffunction-sections -c -MMD -MP -MF"StdPeriph_Driver/src/stm32f4xx_hash_md5.d" -MT"StdPeriph_Driver/src/stm32f4xx_hash_md5.o" -o "StdPeriph_Driver/src/stm32f4xx_hash_md5.o" "../StdPeriph_Driver/src/stm32f4xx_hash_md5.c"
In file included from C:/Users/Utilisateur/workspace/Queue/StdPeriph_Driver/inc/stm32f4xx_fsmc.h:38:0,
                 from ../StdPeriph_Driver/src/stm32f4xx_fsmc.c:35:
C:/Users/Utilisateur/workspace/Queue/CMSIS/device/stm32f4xx.h:108:0: warning: "STM32F40_41xxx" redefined
   #define STM32F40_41xxx
 
<command-line>:0:0: note: this is the location of the previous definition
Finished building: ../StdPeriph_Driver/src/stm32f4xx_flash.c
Finished building: ../StdPeriph_Driver/src/stm32f4xx_flash_ramfunc.c
In file included from C:/Users/Utilisateur/workspace/Queue/StdPeriph_Driver/inc/stm32f4xx_hash.h:38:0,
                 from ../StdPeriph_Driver/src/stm32f4xx_hash.c:123:
C:/Users/Utilisateur/workspace/Queue/CMSIS/device/stm32f4xx.h:108:0: warning: "STM32F40_41xxx" redefined
   #define STM32F40_41xxx
 
<command-line>:0:0: note: this is the location of the previous definition
In file included from C:/Users/Utilisateur/workspace/Queue/StdPeriph_Driver/inc/stm32f4xx_gpio.h:38:0,
                 from ../StdPeriph_Driver/src/stm32f4xx_gpio.c:84:
C:/Users/Utilisateur/workspace/Queue/CMSIS/device/stm32f4xx.h:108:0: warning: "STM32F40_41xxx" redefined
   #define STM32F40_41xxx
 
<command-line>:0:0: note: this is the location of the previous definition
 
 
In file included from C:/Users/Utilisateur/workspace/Queue/StdPeriph_Driver/inc/stm32f4xx_hash.h:38:0,
                 from ../StdPeriph_Driver/src/stm32f4xx_hash_md5.c:47:
C:/Users/Utilisateur/workspace/Queue/CMSIS/device/stm32f4xx.h:108:0: warning: "STM32F40_41xxx" redefined
   #define STM32F40_41xxx
 
<command-line>:0:0: note: this is the location of the previous definition
Building file: ../StdPeriph_Driver/src/stm32f4xx_hash_sha1.c
Finished building: ../StdPeriph_Driver/src/stm32f4xx_fmc.c
Building file: ../StdPeriph_Driver/src/stm32f4xx_i2c.c
Invoking: MCU GCC Compiler
Invoking: MCU GCC Compiler
 
C:\Users\Utilisateur\workspace\Queue\Debug
Finished building: ../StdPeriph_Driver/src/stm32f4xx_fmip2c.c
arm-none-eabi-gcc -mcpu=cortex-m4 -mthumb -mfloat-abi=hard -mfpu=fpv4-sp-d16 -DSTM32 -DSTM32F4 -DSTM32F407VGTx -DSTM32F407G_DISC1 -DDEBUG -DSTM32F40XX -DSTM32F40_41xxx -DUSE_STDPERIPH_DRIVER -I"C:/Users/Utilisateur/workspace/Queue/StdPeriph_Driver/inc" -I"C:/Users/Utilisateur/workspace/Queue/Config" -I"C:/Users/Utilisateur/workspace/Queue/ThirdParty/FreeRTOS/org/Source/portable/GCC/ARM_CM4F" -I"C:/Users/Utilisateur/workspace/Queue/ThirdParty/FreeRTOS/org/Source/portable/MemMang" -I"C:/Users/Utilisateur/workspace/Queue/ThirdParty/FreeRTOS/org/Source/include" -I"C:/Users/Utilisateur/workspace/Queue/ThirdParty/FreeRTOS/org/Source/portable/MemMang" -I"C:/Users/Utilisateur/workspace/Queue/ThirdParty/FreeRTOS/org/License" -I"C:/Users/Utilisateur/workspace/Queue/inc" -I"C:/Users/Utilisateur/workspace/Queue/CMSIS/device" -I"C:/Users/Utilisateur/workspace/Queue/CMSIS/core" -O0 -g3 -Wall -fmessage-length=0 -ffunction-sections -c -MMD -MP -MF"StdPeriph_Driver/src/stm32f4xx_hash_sha1.d" -MT"StdPeriph_Driver/src/stm32f4xx_hash_sha1.o" -o "StdPeriph_Driver/src/stm32f4xx_hash_sha1.o" "../StdPeriph_Driver/src/stm32f4xx_hash_sha1.c"
Building file: ../StdPeriph_Driver/src/stm32f4xx_iwdg.c
C:\Users\Utilisateur\workspace\Queue\Debug
arm-none-eabi-gcc -mcpu=cortex-m4 -mthumb -mfloat-abi=hard -mfpu=fpv4-sp-d16 -DSTM32 -DSTM32F4 -DSTM32F407VGTx -DSTM32F407G_DISC1 -DDEBUG -DSTM32F40XX -DSTM32F40_41xxx -DUSE_STDPERIPH_DRIVER -I"C:/Users/Utilisateur/workspace/Queue/StdPeriph_Driver/inc" -I"C:/Users/Utilisateur/workspace/Queue/Config" -I"C:/Users/Utilisateur/workspace/Queue/ThirdParty/FreeRTOS/org/Source/portable/GCC/ARM_CM4F" -I"C:/Users/Utilisateur/workspace/Queue/ThirdParty/FreeRTOS/org/Source/portable/MemMang" -I"C:/Users/Utilisateur/workspace/Queue/ThirdParty/FreeRTOS/org/Source/include" -I"C:/Users/Utilisateur/workspace/Queue/ThirdParty/FreeRTOS/org/Source/portable/MemMang" -I"C:/Users/Utilisateur/workspace/Queue/ThirdParty/FreeRTOS/org/License" -I"C:/Users/Utilisateur/workspace/Queue/inc" -I"C:/Users/Utilisateur/workspace/Queue/CMSIS/device" -I"C:/Users/Utilisateur/workspace/Queue/CMSIS/core" -O0 -g3 -Wall -fmessage-length=0 -ffunction-sections -c -MMD -MP -MF"StdPeriph_Driver/src/stm32f4xx_i2c.d" -MT"StdPeriph_Driver/src/stm32f4xx_i2c.o" -o "StdPeriph_Driver/src/stm32f4xx_i2c.o" "../StdPeriph_Driver/src/stm32f4xx_i2c.c"
Invoking: MCU GCC Compiler
 
C:\Users\Utilisateur\workspace\Queue\Debug
Building file: ../StdPeriph_Driver/src/stm32f4xx_lptim.c
arm-none-eabi-gcc -mcpu=cortex-m4 -mthumb -mfloat-abi=hard -mfpu=fpv4-sp-d16 -DSTM32 -DSTM32F4 -DSTM32F407VGTx -DSTM32F407G_DISC1 -DDEBUG -DSTM32F40XX -DSTM32F40_41xxx -DUSE_STDPERIPH_DRIVER -I"C:/Users/Utilisateur/workspace/Queue/StdPeriph_Driver/inc" -I"C:/Users/Utilisateur/workspace/Queue/Config" -I"C:/Users/Utilisateur/workspace/Queue/ThirdParty/FreeRTOS/org/Source/portable/GCC/ARM_CM4F" -I"C:/Users/Utilisateur/workspace/Queue/ThirdParty/FreeRTOS/org/Source/portable/MemMang" -I"C:/Users/Utilisateur/workspace/Queue/ThirdParty/FreeRTOS/org/Source/include" -I"C:/Users/Utilisateur/workspace/Queue/ThirdParty/FreeRTOS/org/Source/portable/MemMang" -I"C:/Users/Utilisateur/workspace/Queue/ThirdParty/FreeRTOS/org/License" -I"C:/Users/Utilisateur/workspace/Queue/inc" -I"C:/Users/Utilisateur/workspace/Queue/CMSIS/device" -I"C:/Users/Utilisateur/workspace/Queue/CMSIS/core" -O0 -g3 -Wall -fmessage-length=0 -ffunction-sections -c -MMD -MP -MF"StdPeriph_Driver/src/stm32f4xx_iwdg.d" -MT"StdPeriph_Driver/src/stm32f4xx_iwdg.o" -o "StdPeriph_Driver/src/stm32f4xx_iwdg.o" "../StdPeriph_Driver/src/stm32f4xx_iwdg.c"
Invoking: MCU GCC Compiler
In file included from C:/Users/Utilisateur/workspace/Queue/StdPeriph_Driver/inc/stm32f4xx_hash.h:38:0,
                 from ../StdPeriph_Driver/src/stm32f4xx_hash_sha1.c:47:
C:/Users/Utilisateur/workspace/Queue/CMSIS/device/stm32f4xx.h:108:0: warning: "STM32F40_41xxx" redefined
   #define STM32F40_41xxx
 
<command-line>:0:0: note: this is the location of the previous definition
In file included from C:/Users/Utilisateur/workspace/Queue/StdPeriph_Driver/inc/stm32f4xx_i2c.h:38:0,
                 from ../StdPeriph_Driver/src/stm32f4xx_i2c.c:92:
C:/Users/Utilisateur/workspace/Queue/CMSIS/device/stm32f4xx.h:108:0: warning: "STM32F40_41xxx" redefined
   #define STM32F40_41xxx
 
<command-line>:0:0: note: this is the location of the previous definition
C:\Users\Utilisateur\workspace\Queue\Debug
arm-none-eabi-gcc -mcpu=cortex-m4 -mthumb -mfloat-abi=hard -mfpu=fpv4-sp-d16 -DSTM32 -DSTM32F4 -DSTM32F407VGTx -DSTM32F407G_DISC1 -DDEBUG -DSTM32F40XX -DSTM32F40_41xxx -DUSE_STDPERIPH_DRIVER -I"C:/Users/Utilisateur/workspace/Queue/StdPeriph_Driver/inc" -I"C:/Users/Utilisateur/workspace/Queue/Config" -I"C:/Users/Utilisateur/workspace/Queue/ThirdParty/FreeRTOS/org/Source/portable/GCC/ARM_CM4F" -I"C:/Users/Utilisateur/workspace/Queue/ThirdParty/FreeRTOS/org/Source/portable/MemMang" -I"C:/Users/Utilisateur/workspace/Queue/ThirdParty/FreeRTOS/org/Source/include" -I"C:/Users/Utilisateur/workspace/Queue/ThirdParty/FreeRTOS/org/Source/portable/MemMang" -I"C:/Users/Utilisateur/workspace/Queue/ThirdParty/FreeRTOS/org/License" -I"C:/Users/Utilisateur/workspace/Queue/inc" -I"C:/Users/Utilisateur/workspace/Queue/CMSIS/device" -I"C:/Users/Utilisateur/workspace/Queue/CMSIS/core" -O0 -g3 -Wall -fmessage-length=0 -ffunction-sections -c -MMD -MP -MF"StdPeriph_Driver/src/stm32f4xx_lptim.d" -MT"StdPeriph_Driver/src/stm32f4xx_lptim.o" -o "StdPeriph_Driver/src/stm32f4xx_lptim.o" "../StdPeriph_Driver/src/stm32f4xx_lptim.c"
Finished building: ../StdPeriph_Driver/src/stm32f4xx_fsmc.c
In file included from C:/Users/Utilisateur/workspace/Queue/StdPeriph_Driver/inc/stm32f4xx_iwdg.h:38:0,
                 from ../StdPeriph_Driver/src/stm32f4xx_iwdg.c:85:
C:/Users/Utilisateur/workspace/Queue/CMSIS/device/stm32f4xx.h:108:0: warning: "STM32F40_41xxx" redefined
   #define STM32F40_41xxx
 
<command-line>:0:0: note: this is the location of the previous definition
 
Building file: ../StdPeriph_Driver/src/stm32f4xx_ltdc.c
In file included from C:/Users/Utilisateur/workspace/Queue/StdPeriph_Driver/inc/stm32f4xx_lptim.h:38:0,
                 from ../StdPeriph_Driver/src/stm32f4xx_lptim.c:96:
C:/Users/Utilisateur/workspace/Queue/CMSIS/device/stm32f4xx.h:108:0: warning: "STM32F40_41xxx" redefined
   #define STM32F40_41xxx
 
<command-line>:0:0: note: this is the location of the previous definition
Invoking: MCU GCC Compiler
Finished building: ../StdPeriph_Driver/src/stm32f4xx_hash.c
Finished building: ../StdPeriph_Driver/src/stm32f4xx_hash_md5.c
 
 
Finished building: ../StdPeriph_Driver/src/stm32f4xx_gpio.c
C:\Users\Utilisateur\workspace\Queue\Debug
arm-none-eabi-gcc -mcpu=cortex-m4 -mthumb -mfloat-abi=hard -mfpu=fpv4-sp-d16 -DSTM32 -DSTM32F4 -DSTM32F407VGTx -DSTM32F407G_DISC1 -DDEBUG -DSTM32F40XX -DSTM32F40_41xxx -DUSE_STDPERIPH_DRIVER -I"C:/Users/Utilisateur/workspace/Queue/StdPeriph_Driver/inc" -I"C:/Users/Utilisateur/workspace/Queue/Config" -I"C:/Users/Utilisateur/workspace/Queue/ThirdParty/FreeRTOS/org/Source/portable/GCC/ARM_CM4F" -I"C:/Users/Utilisateur/workspace/Queue/ThirdParty/FreeRTOS/org/Source/portable/MemMang" -I"C:/Users/Utilisateur/workspace/Queue/ThirdParty/FreeRTOS/org/Source/include" -I"C:/Users/Utilisateur/workspace/Queue/ThirdParty/FreeRTOS/org/Source/portable/MemMang" -I"C:/Users/Utilisateur/workspace/Queue/ThirdParty/FreeRTOS/org/License" -I"C:/Users/Utilisateur/workspace/Queue/inc" -I"C:/Users/Utilisateur/workspace/Queue/CMSIS/device" -I"C:/Users/Utilisateur/workspace/Queue/CMSIS/core" -O0 -g3 -Wall -fmessage-length=0 -ffunction-sections -c -MMD -MP -MF"StdPeriph_Driver/src/stm32f4xx_ltdc.d" -MT"StdPeriph_Driver/src/stm32f4xx_ltdc.o" -o "StdPeriph_Driver/src/stm32f4xx_ltdc.o" "../StdPeriph_Driver/src/stm32f4xx_ltdc.c"
 
Building file: ../StdPeriph_Driver/src/stm32f4xx_qspi.c
Building file: ../StdPeriph_Driver/src/stm32f4xx_pwr.c
Building file: ../StdPeriph_Driver/src/stm32f4xx_rcc.c
Invoking: MCU GCC Compiler
Invoking: MCU GCC Compiler
Invoking: MCU GCC Compiler
C:\Users\Utilisateur\workspace\Queue\Debug
C:\Users\Utilisateur\workspace\Queue\Debug
arm-none-eabi-gcc -mcpu=cortex-m4 -mthumb -mfloat-abi=hard -mfpu=fpv4-sp-d16 -DSTM32 -DSTM32F4 -DSTM32F407VGTx -DSTM32F407G_DISC1 -DDEBUG -DSTM32F40XX -DSTM32F40_41xxx -DUSE_STDPERIPH_DRIVER -I"C:/Users/Utilisateur/workspace/Queue/StdPeriph_Driver/inc" -I"C:/Users/Utilisateur/workspace/Queue/Config" -I"C:/Users/Utilisateur/workspace/Queue/ThirdParty/FreeRTOS/org/Source/portable/GCC/ARM_CM4F" -I"C:/Users/Utilisateur/workspace/Queue/ThirdParty/FreeRTOS/org/Source/portable/MemMang" -I"C:/Users/Utilisateur/workspace/Queue/ThirdParty/FreeRTOS/org/Source/include" -I"C:/Users/Utilisateur/workspace/Queue/ThirdParty/FreeRTOS/org/Source/portable/MemMang" -I"C:/Users/Utilisateur/workspace/Queue/ThirdParty/FreeRTOS/org/License" -I"C:/Users/Utilisateur/workspace/Queue/inc" -I"C:/Users/Utilisateur/workspace/Queue/CMSIS/device" -I"C:/Users/Utilisateur/workspace/Queue/CMSIS/core" -O0 -g3 -Wall -fmessage-length=0 -ffunction-sections -c -MMD -MP -MF"StdPeriph_Driver/src/stm32f4xx_qspi.d" -MT"StdPeriph_Driver/src/stm32f4xx_qspi.o" -o "StdPeriph_Driver/src/stm32f4xx_qspi.o" "../StdPeriph_Driver/src/stm32f4xx_qspi.c"
arm-none-eabi-gcc -mcpu=cortex-m4 -mthumb -mfloat-abi=hard -mfpu=fpv4-sp-d16 -DSTM32 -DSTM32F4 -DSTM32F407VGTx -DSTM32F407G_DISC1 -DDEBUG -DSTM32F40XX -DSTM32F40_41xxx -DUSE_STDPERIPH_DRIVER -I"C:/Users/Utilisateur/workspace/Queue/StdPeriph_Driver/inc" -I"C:/Users/Utilisateur/workspace/Queue/Config" -I"C:/Users/Utilisateur/workspace/Queue/ThirdParty/FreeRTOS/org/Source/portable/GCC/ARM_CM4F" -I"C:/Users/Utilisateur/workspace/Queue/ThirdParty/FreeRTOS/org/Source/portable/MemMang" -I"C:/Users/Utilisateur/workspace/Queue/ThirdParty/FreeRTOS/org/Source/include" -I"C:/Users/Utilisateur/workspace/Queue/ThirdParty/FreeRTOS/org/Source/portable/MemMang" -I"C:/Users/Utilisateur/workspace/Queue/ThirdParty/FreeRTOS/org/License" -I"C:/Users/Utilisateur/workspace/Queue/inc" -I"C:/Users/Utilisateur/workspace/Queue/CMSIS/device" -I"C:/Users/Utilisateur/workspace/Queue/CMSIS/core" -O0 -g3 -Wall -fmessage-length=0 -ffunction-sections -c -MMD -MP -MF"StdPeriph_Driver/src/stm32f4xx_pwr.d" -MT"StdPeriph_Driver/src/stm32f4xx_pwr.o" -o "StdPeriph_Driver/src/stm32f4xx_pwr.o" "../StdPeriph_Driver/src/stm32f4xx_pwr.c"
C:\Users\Utilisateur\workspace\Queue\Debug
arm-none-eabi-gcc -mcpu=cortex-m4 -mthumb -mfloat-abi=hard -mfpu=fpv4-sp-d16 -DSTM32 -DSTM32F4 -DSTM32F407VGTx -DSTM32F407G_DISC1 -DDEBUG -DSTM32F40XX -DSTM32F40_41xxx -DUSE_STDPERIPH_DRIVER -I"C:/Users/Utilisateur/workspace/Queue/StdPeriph_Driver/inc" -I"C:/Users/Utilisateur/workspace/Queue/Config" -I"C:/Users/Utilisateur/workspace/Queue/ThirdParty/FreeRTOS/org/Source/portable/GCC/ARM_CM4F" -I"C:/Users/Utilisateur/workspace/Queue/ThirdParty/FreeRTOS/org/Source/portable/MemMang" -I"C:/Users/Utilisateur/workspace/Queue/ThirdParty/FreeRTOS/org/Source/include" -I"C:/Users/Utilisateur/workspace/Queue/ThirdParty/FreeRTOS/org/Source/portable/MemMang" -I"C:/Users/Utilisateur/workspace/Queue/ThirdParty/FreeRTOS/org/License" -I"C:/Users/Utilisateur/workspace/Queue/inc" -I"C:/Users/Utilisateur/workspace/Queue/CMSIS/device" -I"C:/Users/Utilisateur/workspace/Queue/CMSIS/core" -O0 -g3 -Wall -fmessage-length=0 -ffunction-sections -c -MMD -MP -MF"StdPeriph_Driver/src/stm32f4xx_rcc.d" -MT"StdPeriph_Driver/src/stm32f4xx_rcc.o" -o "StdPeriph_Driver/src/stm32f4xx_rcc.o" "../StdPeriph_Driver/src/stm32f4xx_rcc.c"
In file included from C:/Users/Utilisateur/workspace/Queue/StdPeriph_Driver/inc/stm32f4xx_ltdc.h:38:0,
                 from ../StdPeriph_Driver/src/stm32f4xx_ltdc.c:76:
C:/Users/Utilisateur/workspace/Queue/CMSIS/device/stm32f4xx.h:108:0: warning: "STM32F40_41xxx" redefined
   #define STM32F40_41xxx
 
<command-line>:0:0: note: this is the location of the previous definition
Finished building: ../StdPeriph_Driver/src/stm32f4xx_hash_sha1.c
In file included from C:/Users/Utilisateur/workspace/Queue/StdPeriph_Driver/inc/stm32f4xx_pwr.h:38:0,
                 from ../StdPeriph_Driver/src/stm32f4xx_pwr.c:38:
C:/Users/Utilisateur/workspace/Queue/CMSIS/device/stm32f4xx.h:108:0: warning: "STM32F40_41xxx" redefined
   #define STM32F40_41xxx
 
<command-line>:0:0: note: this is the location of the previous definition
 
In file included from C:/Users/Utilisateur/workspace/Queue/StdPeriph_Driver/inc/stm32f4xx_qspi.h:38:0,
                 from ../StdPeriph_Driver/src/stm32f4xx_qspi.c:82:
C:/Users/Utilisateur/workspace/Queue/CMSIS/device/stm32f4xx.h:108:0: warning: "STM32F40_41xxx" redefined
   #define STM32F40_41xxx
 
<command-line>:0:0: note: this is the location of the previous definition
In file included from C:/Users/Utilisateur/workspace/Queue/StdPeriph_Driver/inc/stm32f4xx_rcc.h:37:0,
                 from ../StdPeriph_Driver/src/stm32f4xx_rcc.c:59:
C:/Users/Utilisateur/workspace/Queue/CMSIS/device/stm32f4xx.h:108:0: warning: "STM32F40_41xxx" redefined
   #define STM32F40_41xxx
 
<command-line>:0:0: note: this is the location of the previous definition
Building file: ../StdPeriph_Driver/src/stm32f4xx_rng.c
Finished building: ../StdPeriph_Driver/src/stm32f4xx_i2c.c
Invoking: MCU GCC Compiler
Finished building: ../StdPeriph_Driver/src/stm32f4xx_lptim.c
Finished building: ../StdPeriph_Driver/src/stm32f4xx_iwdg.c
 
 
C:\Users\Utilisateur\workspace\Queue\Debug
 
arm-none-eabi-gcc -mcpu=cortex-m4 -mthumb -mfloat-abi=hard -mfpu=fpv4-sp-d16 -DSTM32 -DSTM32F4 -DSTM32F407VGTx -DSTM32F407G_DISC1 -DDEBUG -DSTM32F40XX -DSTM32F40_41xxx -DUSE_STDPERIPH_DRIVER -I"C:/Users/Utilisateur/workspace/Queue/StdPeriph_Driver/inc" -I"C:/Users/Utilisateur/workspace/Queue/Config" -I"C:/Users/Utilisateur/workspace/Queue/ThirdParty/FreeRTOS/org/Source/portable/GCC/ARM_CM4F" -I"C:/Users/Utilisateur/workspace/Queue/ThirdParty/FreeRTOS/org/Source/portable/MemMang" -I"C:/Users/Utilisateur/workspace/Queue/ThirdParty/FreeRTOS/org/Source/include" -I"C:/Users/Utilisateur/workspace/Queue/ThirdParty/FreeRTOS/org/Source/portable/MemMang" -I"C:/Users/Utilisateur/workspace/Queue/ThirdParty/FreeRTOS/org/License" -I"C:/Users/Utilisateur/workspace/Queue/inc" -I"C:/Users/Utilisateur/workspace/Queue/CMSIS/device" -I"C:/Users/Utilisateur/workspace/Queue/CMSIS/core" -O0 -g3 -Wall -fmessage-length=0 -ffunction-sections -c -MMD -MP -MF"StdPeriph_Driver/src/stm32f4xx_rng.d" -MT"StdPeriph_Driver/src/stm32f4xx_rng.o" -o "StdPeriph_Driver/src/stm32f4xx_rng.o" "../StdPeriph_Driver/src/stm32f4xx_rng.c"
Building file: ../StdPeriph_Driver/src/stm32f4xx_rtc.c
Building file: ../StdPeriph_Driver/src/stm32f4xx_sai.c
Building file: ../StdPeriph_Driver/src/stm32f4xx_sdio.c
Invoking: MCU GCC Compiler
Invoking: MCU GCC Compiler
Invoking: MCU GCC Compiler
C:\Users\Utilisateur\workspace\Queue\Debug
C:\Users\Utilisateur\workspace\Queue\Debug
arm-none-eabi-gcc -mcpu=cortex-m4 -mthumb -mfloat-abi=hard -mfpu=fpv4-sp-d16 -DSTM32 -DSTM32F4 -DSTM32F407VGTx -DSTM32F407G_DISC1 -DDEBUG -DSTM32F40XX -DSTM32F40_41xxx -DUSE_STDPERIPH_DRIVER -I"C:/Users/Utilisateur/workspace/Queue/StdPeriph_Driver/inc" -I"C:/Users/Utilisateur/workspace/Queue/Config" -I"C:/Users/Utilisateur/workspace/Queue/ThirdParty/FreeRTOS/org/Source/portable/GCC/ARM_CM4F" -I"C:/Users/Utilisateur/workspace/Queue/ThirdParty/FreeRTOS/org/Source/portable/MemMang" -I"C:/Users/Utilisateur/workspace/Queue/ThirdParty/FreeRTOS/org/Source/include" -I"C:/Users/Utilisateur/workspace/Queue/ThirdParty/FreeRTOS/org/Source/portable/MemMang" -I"C:/Users/Utilisateur/workspace/Queue/ThirdParty/FreeRTOS/org/License" -I"C:/Users/Utilisateur/workspace/Queue/inc" -I"C:/Users/Utilisateur/workspace/Queue/CMSIS/device" -I"C:/Users/Utilisateur/workspace/Queue/CMSIS/core" -O0 -g3 -Wall -fmessage-length=0 -ffunction-sections -c -MMD -MP -MF"StdPeriph_Driver/src/stm32f4xx_rtc.d" -MT"StdPeriph_Driver/src/stm32f4xx_rtc.o" -o "StdPeriph_Driver/src/stm32f4xx_rtc.o" "../StdPeriph_Driver/src/stm32f4xx_rtc.c"
arm-none-eabi-gcc -mcpu=cortex-m4 -mthumb -mfloat-abi=hard -mfpu=fpv4-sp-d16 -DSTM32 -DSTM32F4 -DSTM32F407VGTx -DSTM32F407G_DISC1 -DDEBUG -DSTM32F40XX -DSTM32F40_41xxx -DUSE_STDPERIPH_DRIVER -I"C:/Users/Utilisateur/workspace/Queue/StdPeriph_Driver/inc" -I"C:/Users/Utilisateur/workspace/Queue/Config" -I"C:/Users/Utilisateur/workspace/Queue/ThirdParty/FreeRTOS/org/Source/portable/GCC/ARM_CM4F" -I"C:/Users/Utilisateur/workspace/Queue/ThirdParty/FreeRTOS/org/Source/portable/MemMang" -I"C:/Users/Utilisateur/workspace/Queue/ThirdParty/FreeRTOS/org/Source/include" -I"C:/Users/Utilisateur/workspace/Queue/ThirdParty/FreeRTOS/org/Source/portable/MemMang" -I"C:/Users/Utilisateur/workspace/Queue/ThirdParty/FreeRTOS/org/License" -I"C:/Users/Utilisateur/workspace/Queue/inc" -I"C:/Users/Utilisateur/workspace/Queue/CMSIS/device" -I"C:/Users/Utilisateur/workspace/Queue/CMSIS/core" -O0 -g3 -Wall -fmessage-length=0 -ffunction-sections -c -MMD -MP -MF"StdPeriph_Driver/src/stm32f4xx_sai.d" -MT"StdPeriph_Driver/src/stm32f4xx_sai.o" -o "StdPeriph_Driver/src/stm32f4xx_sai.o" "../StdPeriph_Driver/src/stm32f4xx_sai.c"
C:\Users\Utilisateur\workspace\Queue\Debug
arm-none-eabi-gcc -mcpu=cortex-m4 -mthumb -mfloat-abi=hard -mfpu=fpv4-sp-d16 -DSTM32 -DSTM32F4 -DSTM32F407VGTx -DSTM32F407G_DISC1 -DDEBUG -DSTM32F40XX -DSTM32F40_41xxx -DUSE_STDPERIPH_DRIVER -I"C:/Users/Utilisateur/workspace/Queue/StdPeriph_Driver/inc" -I"C:/Users/Utilisateur/workspace/Queue/Config" -I"C:/Users/Utilisateur/workspace/Queue/ThirdParty/FreeRTOS/org/Source/portable/GCC/ARM_CM4F" -I"C:/Users/Utilisateur/workspace/Queue/ThirdParty/FreeRTOS/org/Source/portable/MemMang" -I"C:/Users/Utilisateur/workspace/Queue/ThirdParty/FreeRTOS/org/Source/include" -I"C:/Users/Utilisateur/workspace/Queue/ThirdParty/FreeRTOS/org/Source/portable/MemMang" -I"C:/Users/Utilisateur/workspace/Queue/ThirdParty/FreeRTOS/org/License" -I"C:/Users/Utilisateur/workspace/Queue/inc" -I"C:/Users/Utilisateur/workspace/Queue/CMSIS/device" -I"C:/Users/Utilisateur/workspace/Queue/CMSIS/core" -O0 -g3 -Wall -fmessage-length=0 -ffunction-sections -c -MMD -MP -MF"StdPeriph_Driver/src/stm32f4xx_sdio.d" -MT"StdPeriph_Driver/src/stm32f4xx_sdio.o" -o "StdPeriph_Driver/src/stm32f4xx_sdio.o" "../StdPeriph_Driver/src/stm32f4xx_sdio.c"
In file included from C:/Users/Utilisateur/workspace/Queue/StdPeriph_Driver/inc/stm32f4xx_rng.h:38:0,
                 from ../StdPeriph_Driver/src/stm32f4xx_rng.c:56:
C:/Users/Utilisateur/workspace/Queue/CMSIS/device/stm32f4xx.h:108:0: warning: "STM32F40_41xxx" redefined
   #define STM32F40_41xxx
 
<command-line>:0:0: note: this is the location of the previous definition
In file included from C:/Users/Utilisateur/workspace/Queue/StdPeriph_Driver/inc/stm32f4xx_sai.h:38:0,
                 from ../StdPeriph_Driver/src/stm32f4xx_sai.c:126:
C:/Users/Utilisateur/workspace/Queue/CMSIS/device/stm32f4xx.h:108:0: warning: "STM32F40_41xxx" redefined
   #define STM32F40_41xxx
 
<command-line>:0:0: note: this is the location of the previous definition
In file included from C:/Users/Utilisateur/workspace/Queue/StdPeriph_Driver/inc/stm32f4xx_rtc.h:38:0,
                 from ../StdPeriph_Driver/src/stm32f4xx_rtc.c:285:
C:/Users/Utilisateur/workspace/Queue/CMSIS/device/stm32f4xx.h:108:0: warning: "STM32F40_41xxx" redefined
   #define STM32F40_41xxx
 
<command-line>:0:0: note: this is the location of the previous definition
In file included from C:/Users/Utilisateur/workspace/Queue/StdPeriph_Driver/inc/stm32f4xx_sdio.h:38:0,
                 from ../StdPeriph_Driver/src/stm32f4xx_sdio.c:156:
C:/Users/Utilisateur/workspace/Queue/CMSIS/device/stm32f4xx.h:108:0: warning: "STM32F40_41xxx" redefined
   #define STM32F40_41xxx
 
<command-line>:0:0: note: this is the location of the previous definition
Finished building: ../StdPeriph_Driver/src/stm32f4xx_pwr.c
Finished building: ../StdPeriph_Driver/src/stm32f4xx_qspi.c
Finished building: ../StdPeriph_Driver/src/stm32f4xx_ltdc.c
Finished building: ../StdPeriph_Driver/src/stm32f4xx_rcc.c
 
 
 
 
Building file: ../StdPeriph_Driver/src/stm32f4xx_spdifrx.c
Building file: ../StdPeriph_Driver/src/stm32f4xx_spi.c
Building file: ../StdPeriph_Driver/src/stm32f4xx_syscfg.c
Building file: ../StdPeriph_Driver/src/stm32f4xx_tim.c
Invoking: MCU GCC Compiler
Invoking: MCU GCC Compiler
Invoking: MCU GCC Compiler
Invoking: MCU GCC Compiler
C:\Users\Utilisateur\workspace\Queue\Debug
arm-none-eabi-gcc -mcpu=cortex-m4 -mthumb -mfloat-abi=hard -mfpu=fpv4-sp-d16 -DSTM32 -DSTM32F4 -DSTM32F407VGTx -DSTM32F407G_DISC1 -DDEBUG -DSTM32F40XX -DSTM32F40_41xxx -DUSE_STDPERIPH_DRIVER -I"C:/Users/Utilisateur/workspace/Queue/StdPeriph_Driver/inc" -I"C:/Users/Utilisateur/workspace/Queue/Config" -I"C:/Users/Utilisateur/workspace/Queue/ThirdParty/FreeRTOS/org/Source/portable/GCC/ARM_CM4F" -I"C:/Users/Utilisateur/workspace/Queue/ThirdParty/FreeRTOS/org/Source/portable/MemMang" -I"C:/Users/Utilisateur/workspace/Queue/ThirdParty/FreeRTOS/org/Source/include" -I"C:/Users/Utilisateur/workspace/Queue/ThirdParty/FreeRTOS/org/Source/portable/MemMang" -I"C:/Users/Utilisateur/workspace/Queue/ThirdParty/FreeRTOS/org/License" -I"C:/Users/Utilisateur/workspace/Queue/inc" -I"C:/Users/Utilisateur/workspace/Queue/CMSIS/device" -I"C:/Users/Utilisateur/workspace/Queue/CMSIS/core" -O0 -g3 -Wall -fmessage-length=0 -ffunction-sections -c -MMD -MP -MF"StdPeriph_Driver/src/stm32f4xx_spdifrx.d" -MT"StdPeriph_Driver/src/stm32f4xx_spdifrx.o" -o "StdPeriph_Driver/src/stm32f4xx_spdifrx.o" "../StdPeriph_Driver/src/stm32f4xx_spdifrx.c"
C:\Users\Utilisateur\workspace\Queue\Debug
C:\Users\Utilisateur\workspace\Queue\Debug
C:\Users\Utilisateur\workspace\Queue\Debug
arm-none-eabi-gcc -mcpu=cortex-m4 -mthumb -mfloat-abi=hard -mfpu=fpv4-sp-d16 -DSTM32 -DSTM32F4 -DSTM32F407VGTx -DSTM32F407G_DISC1 -DDEBUG -DSTM32F40XX -DSTM32F40_41xxx -DUSE_STDPERIPH_DRIVER -I"C:/Users/Utilisateur/workspace/Queue/StdPeriph_Driver/inc" -I"C:/Users/Utilisateur/workspace/Queue/Config" -I"C:/Users/Utilisateur/workspace/Queue/ThirdParty/FreeRTOS/org/Source/portable/GCC/ARM_CM4F" -I"C:/Users/Utilisateur/workspace/Queue/ThirdParty/FreeRTOS/org/Source/portable/MemMang" -I"C:/Users/Utilisateur/workspace/Queue/ThirdParty/FreeRTOS/org/Source/include" -I"C:/Users/Utilisateur/workspace/Queue/ThirdParty/FreeRTOS/org/Source/portable/MemMang" -I"C:/Users/Utilisateur/workspace/Queue/ThirdParty/FreeRTOS/org/License" -I"C:/Users/Utilisateur/workspace/Queue/inc" -I"C:/Users/Utilisateur/workspace/Queue/CMSIS/device" -I"C:/Users/Utilisateur/workspace/Queue/CMSIS/core" -O0 -g3 -Wall -fmessage-length=0 -ffunction-sections -c -MMD -MP -MF"StdPeriph_Driver/src/stm32f4xx_spi.d" -MT"StdPeriph_Driver/src/stm32f4xx_spi.o" -o "StdPeriph_Driver/src/stm32f4xx_spi.o" "../StdPeriph_Driver/src/stm32f4xx_spi.c"
arm-none-eabi-gcc -mcpu=cortex-m4 -mthumb -mfloat-abi=hard -mfpu=fpv4-sp-d16 -DSTM32 -DSTM32F4 -DSTM32F407VGTx -DSTM32F407G_DISC1 -DDEBUG -DSTM32F40XX -DSTM32F40_41xxx -DUSE_STDPERIPH_DRIVER -I"C:/Users/Utilisateur/workspace/Queue/StdPeriph_Driver/inc" -I"C:/Users/Utilisateur/workspace/Queue/Config" -I"C:/Users/Utilisateur/workspace/Queue/ThirdParty/FreeRTOS/org/Source/portable/GCC/ARM_CM4F" -I"C:/Users/Utilisateur/workspace/Queue/ThirdParty/FreeRTOS/org/Source/portable/MemMang" -I"C:/Users/Utilisateur/workspace/Queue/ThirdParty/FreeRTOS/org/Source/include" -I"C:/Users/Utilisateur/workspace/Queue/ThirdParty/FreeRTOS/org/Source/portable/MemMang" -I"C:/Users/Utilisateur/workspace/Queue/ThirdParty/FreeRTOS/org/License" -I"C:/Users/Utilisateur/workspace/Queue/inc" -I"C:/Users/Utilisateur/workspace/Queue/CMSIS/device" -I"C:/Users/Utilisateur/workspace/Queue/CMSIS/core" -O0 -g3 -Wall -fmessage-length=0 -ffunction-sections -c -MMD -MP -MF"StdPeriph_Driver/src/stm32f4xx_syscfg.d" -MT"StdPeriph_Driver/src/stm32f4xx_syscfg.o" -o "StdPeriph_Driver/src/stm32f4xx_syscfg.o" "../StdPeriph_Driver/src/stm32f4xx_syscfg.c"
arm-none-eabi-gcc -mcpu=cortex-m4 -mthumb -mfloat-abi=hard -mfpu=fpv4-sp-d16 -DSTM32 -DSTM32F4 -DSTM32F407VGTx -DSTM32F407G_DISC1 -DDEBUG -DSTM32F40XX -DSTM32F40_41xxx -DUSE_STDPERIPH_DRIVER -I"C:/Users/Utilisateur/workspace/Queue/StdPeriph_Driver/inc" -I"C:/Users/Utilisateur/workspace/Queue/Config" -I"C:/Users/Utilisateur/workspace/Queue/ThirdParty/FreeRTOS/org/Source/portable/GCC/ARM_CM4F" -I"C:/Users/Utilisateur/workspace/Queue/ThirdParty/FreeRTOS/org/Source/portable/MemMang" -I"C:/Users/Utilisateur/workspace/Queue/ThirdParty/FreeRTOS/org/Source/include" -I"C:/Users/Utilisateur/workspace/Queue/ThirdParty/FreeRTOS/org/Source/portable/MemMang" -I"C:/Users/Utilisateur/workspace/Queue/ThirdParty/FreeRTOS/org/License" -I"C:/Users/Utilisateur/workspace/Queue/inc" -I"C:/Users/Utilisateur/workspace/Queue/CMSIS/device" -I"C:/Users/Utilisateur/workspace/Queue/CMSIS/core" -O0 -g3 -Wall -fmessage-length=0 -ffunction-sections -c -MMD -MP -MF"StdPeriph_Driver/src/stm32f4xx_tim.d" -MT"StdPeriph_Driver/src/stm32f4xx_tim.o" -o "StdPeriph_Driver/src/stm32f4xx_tim.o" "../StdPeriph_Driver/src/stm32f4xx_tim.c"
In file included from C:/Users/Utilisateur/workspace/Queue/StdPeriph_Driver/inc/stm32f4xx_spi.h:38:0,
                 from ../StdPeriph_Driver/src/stm32f4xx_spi.c:159:
C:/Users/Utilisateur/workspace/Queue/CMSIS/device/stm32f4xx.h:108:0: warning: "STM32F40_41xxx" redefined
   #define STM32F40_41xxx
 
<command-line>:0:0: note: this is the location of the previous definition
In file included from C:/Users/Utilisateur/workspace/Queue/StdPeriph_Driver/inc/stm32f4xx_spdifrx.h:38:0,
                 from ../StdPeriph_Driver/src/stm32f4xx_spdifrx.c:34:
C:/Users/Utilisateur/workspace/Queue/CMSIS/device/stm32f4xx.h:108:0: warning: "STM32F40_41xxx" redefined
   #define STM32F40_41xxx
 
<command-line>:0:0: note: this is the location of the previous definition
In file included from C:/Users/Utilisateur/workspace/Queue/StdPeriph_Driver/inc/stm32f4xx_syscfg.h:38:0,
                 from ../StdPeriph_Driver/src/stm32f4xx_syscfg.c:50:
C:/Users/Utilisateur/workspace/Queue/CMSIS/device/stm32f4xx.h:108:0: warning: "STM32F40_41xxx" redefined
   #define STM32F40_41xxx
 
<command-line>:0:0: note: this is the location of the previous definition
In file included from C:/Users/Utilisateur/workspace/Queue/StdPeriph_Driver/inc/stm32f4xx_tim.h:38:0,
                 from ../StdPeriph_Driver/src/stm32f4xx_tim.c:119:
C:/Users/Utilisateur/workspace/Queue/CMSIS/device/stm32f4xx.h:108:0: warning: "STM32F40_41xxx" redefined
   #define STM32F40_41xxx
 
<command-line>:0:0: note: this is the location of the previous definition
Finished building: ../StdPeriph_Driver/src/stm32f4xx_rng.c
 
Building file: ../StdPeriph_Driver/src/stm32f4xx_usart.c
Finished building: ../StdPeriph_Driver/src/stm32f4xx_sai.c
Invoking: MCU GCC Compiler
 
Finished building: ../StdPeriph_Driver/src/stm32f4xx_sdio.c
Finished building: ../StdPeriph_Driver/src/stm32f4xx_rtc.c
C:\Users\Utilisateur\workspace\Queue\Debug
Building file: ../StdPeriph_Driver/src/stm32f4xx_wwdg.c
arm-none-eabi-gcc -mcpu=cortex-m4 -mthumb -mfloat-abi=hard -mfpu=fpv4-sp-d16 -DSTM32 -DSTM32F4 -DSTM32F407VGTx -DSTM32F407G_DISC1 -DDEBUG -DSTM32F40XX -DSTM32F40_41xxx -DUSE_STDPERIPH_DRIVER -I"C:/Users/Utilisateur/workspace/Queue/StdPeriph_Driver/inc" -I"C:/Users/Utilisateur/workspace/Queue/Config" -I"C:/Users/Utilisateur/workspace/Queue/ThirdParty/FreeRTOS/org/Source/portable/GCC/ARM_CM4F" -I"C:/Users/Utilisateur/workspace/Queue/ThirdParty/FreeRTOS/org/Source/portable/MemMang" -I"C:/Users/Utilisateur/workspace/Queue/ThirdParty/FreeRTOS/org/Source/include" -I"C:/Users/Utilisateur/workspace/Queue/ThirdParty/FreeRTOS/org/Source/portable/MemMang" -I"C:/Users/Utilisateur/workspace/Queue/ThirdParty/FreeRTOS/org/License" -I"C:/Users/Utilisateur/workspace/Queue/inc" -I"C:/Users/Utilisateur/workspace/Queue/CMSIS/device" -I"C:/Users/Utilisateur/workspace/Queue/CMSIS/core" -O0 -g3 -Wall -fmessage-length=0 -ffunction-sections -c -MMD -MP -MF"StdPeriph_Driver/src/stm32f4xx_usart.d" -MT"StdPeriph_Driver/src/stm32f4xx_usart.o" -o "StdPeriph_Driver/src/stm32f4xx_usart.o" "../StdPeriph_Driver/src/stm32f4xx_usart.c"
 
 
Invoking: MCU GCC Compiler
C:\Users\Utilisateur\workspace\Queue\Debug
arm-none-eabi-gcc -mcpu=cortex-m4 -mthumb -mfloat-abi=hard -mfpu=fpv4-sp-d16 -DSTM32 -DSTM32F4 -DSTM32F407VGTx -DSTM32F407G_DISC1 -DDEBUG -DSTM32F40XX -DSTM32F40_41xxx -DUSE_STDPERIPH_DRIVER -I"C:/Users/Utilisateur/workspace/Queue/StdPeriph_Driver/inc" -I"C:/Users/Utilisateur/workspace/Queue/Config" -I"C:/Users/Utilisateur/workspace/Queue/ThirdParty/FreeRTOS/org/Source/portable/GCC/ARM_CM4F" -I"C:/Users/Utilisateur/workspace/Queue/ThirdParty/FreeRTOS/org/Source/portable/MemMang" -I"C:/Users/Utilisateur/workspace/Queue/ThirdParty/FreeRTOS/org/Source/include" -I"C:/Users/Utilisateur/workspace/Queue/ThirdParty/FreeRTOS/org/Source/portable/MemMang" -I"C:/Users/Utilisateur/workspace/Queue/ThirdParty/FreeRTOS/org/License" -I"C:/Users/Utilisateur/workspace/Queue/inc" -I"C:/Users/Utilisateur/workspace/Queue/CMSIS/device" -I"C:/Users/Utilisateur/workspace/Queue/CMSIS/core" -O0 -g3 -Wall -fmessage-length=0 -ffunction-sections -c -MMD -MP -MF"StdPeriph_Driver/src/stm32f4xx_wwdg.d" -MT"StdPeriph_Driver/src/stm32f4xx_wwdg.o" -o "StdPeriph_Driver/src/stm32f4xx_wwdg.o" "../StdPeriph_Driver/src/stm32f4xx_wwdg.c"
In file included from C:/Users/Utilisateur/workspace/Queue/StdPeriph_Driver/inc/stm32f4xx_usart.h:38:0,
                 from ../StdPeriph_Driver/src/stm32f4xx_usart.c:92:
C:/Users/Utilisateur/workspace/Queue/CMSIS/device/stm32f4xx.h:108:0: warning: "STM32F40_41xxx" redefined
   #define STM32F40_41xxx
 
<command-line>:0:0: note: this is the location of the previous definition
Finished building: ../StdPeriph_Driver/src/stm32f4xx_spdifrx.c
In file included from C:/Users/Utilisateur/workspace/Queue/StdPeriph_Driver/inc/stm32f4xx_wwdg.h:38:0,
                 from ../StdPeriph_Driver/src/stm32f4xx_wwdg.c:84:
C:/Users/Utilisateur/workspace/Queue/CMSIS/device/stm32f4xx.h:108:0: warning: "STM32F40_41xxx" redefined
   #define STM32F40_41xxx
 
<command-line>:0:0: note: this is the location of the previous definition
 
Finished building: ../StdPeriph_Driver/src/stm32f4xx_syscfg.c
 
Finished building: ../StdPeriph_Driver/src/stm32f4xx_spi.c
 
Finished building: ../StdPeriph_Driver/src/stm32f4xx_tim.c
 
Finished building: ../StdPeriph_Driver/src/stm32f4xx_wwdg.c
Finished building: ../StdPeriph_Driver/src/stm32f4xx_usart.c
 
 
Building target: Queue.elf
Invoking: MCU GCC Linker
arm-none-eabi-gcc -mcpu=cortex-m4 -mthumb -mfloat-abi=hard -mfpu=fpv4-sp-d16 -T"C:/Users/Utilisateur/workspace/Queue/LinkerScript.ld" -Wl,-Map=output.map -Wl,--gc-sections -o "Queue.elf" @"objects.list"   -lm
Finished building target: Queue.elf
 
make --no-print-directory post-build
Generating binary and Printing size information:
arm-none-eabi-objcopy -O binary "Queue.elf" "Queue.bin"
arm-none-eabi-size "Queue.elf"
   text	   data	    bss	    dec	    hex	filename
   2304	   1080	   1348	   4732	   127c	Queue.elf
 

21:16:07 Build Finished (took 15s.862ms)

